07-17 00:18:40.942  5841 15282 I GoLog   : Using Prepared: 144.31.104.124
07-17 00:18:40.943  5841 15211 I GoLog   : Using Prepared: 144.31.104.124
07-17 00:18:40.945  5841 15208 I GoLog   : Using Prepared: 144.31.104.124
07-17 00:18:40.947  5841 15210 I GoLog   : Using Prepared: 144.31.104.124
07-17 00:18:40.950  5841 30083 I GoLog   : Using Prepared: 144.31.104.124
07-17 00:18:40.950  5841 15300 I GoLog   : Using Prepared: 144.31.104.124
07-17 00:18:40.957  5841 31962 I GoLog   : Using Prepared: 144.31.104.124
07-17 00:18:40.957  5841 31962 I GoLog   : Using Prepared: 144.31.104.124
07-17 00:18:40.960  5841 31937 I GoLog   : Using Prepared: 144.31.104.124
07-17 00:18:41.022  5841 31937 I GoLog   : Using Prepared: 144.31.104.124
07-17 00:18:41.168  5841 31937 I GoLog   : from udp:127.0.0.1:35404 accepted udp:1.1.1.1:53 [socks -> proxy]
07-17 00:18:41.261  5841 30082 I GoLog   : Using Prepared: 144.31.104.124
07-17 00:18:41.729  5841 31950 I GoLog   : from tcp:127.0.0.1:57108 accepted tcp:144.31.104.124:443 [socks -> proxy]
07-17 00:18:41.729  5841 31950 I GoLog   : from tcp:127.0.0.1:57104 accepted tcp:144.31.104.124:443 [socks -> proxy]
07-17 00:18:41.752  5841 15211 I GoLog   : from tcp:127.0.0.1:57120 accepted tcp:144.31.104.124:443 [socks -> proxy]
07-17 00:18:41.755  5841 15211 I GoLog   : from tcp:127.0.0.1:57084 accepted tcp:144.31.104.124:443 [socks -> proxy]
07-17 00:18:41.755  5841 15211 I GoLog   : from tcp:127.0.0.1:57090 accepted tcp:144.31.104.124:443 [socks -> proxy]
07-17 00:18:41.786  5841 15211 I GoLog   : from tcp:127.0.0.1:57134 accepted tcp:144.31.104.124:443 [socks -> proxy]
07-17 00:18:41.793  5841 31950 I GoLog   : from tcp:127.0.0.1:57128 accepted tcp:144.31.104.124:443 [socks -> proxy]
07-17 00:18:41.804  5841 15282 I GoLog   : from tcp:127.0.0.1:57186 accepted tcp:144.31.104.124:443 [socks -> proxy]
07-17 00:18:41.804  5841 30107 I GoLog   : from tcp:127.0.0.1:57154 accepted tcp:144.31.104.124:443 [socks -> proxy]
07-17 00:18:41.809  5841 30077 I GoLog   : from tcp:127.0.0.1:57170 accepted tcp:144.31.104.124:443 [socks -> proxy]
07-17 00:18:41.812  5841 31913 I GoLog   : from tcp:127.0.0.1:57146 accepted tcp:144.31.104.124:443 [socks -> proxy]
07-17 00:18:41.816  5841 31962 I GoLog   : Using Prepared: 144.31.104.124
07-17 00:18:41.819  5841 15300 I GoLog   : Using Prepared: 144.31.104.124
07-17 00:18:41.823  5841 31913 I GoLog   : from tcp:127.0.0.1:57284 accepted tcp:144.31.104.124:443 [socks -> proxy]
07-17 00:18:41.823  5841 31913 I GoLog   : from tcp:127.0.0.1:57214 accepted tcp:144.31.104.124:443 [socks -> proxy]
07-17 00:18:41.828  5841 15300 I GoLog   : from tcp:127.0.0.1:57202 accepted tcp:144.31.104.124:443 [socks -> proxy]
07-17 00:18:41.832  5841 31913 I GoLog   : from tcp:127.0.0.1:57282 accepted tcp:144.31.104.124:443 [socks -> proxy]
07-17 00:18:41.836  5841 30082 I GoLog   : Using Prepared: 144.31.104.124
07-17 00:18:41.840  5841 30104 I GoLog   : Using Prepared: 144.31.104.124
07-17 00:18:41.848  5841 15210 I GoLog   : Using Prepared: 144.31.104.124
07-17 00:18:41.869  5841 30109 I GoLog   : from tcp:127.0.0.1:57244 accepted tcp:144.31.104.124:443 [socks -> proxy]
07-17 00:18:41.874  5841 30106 I GoLog   : from tcp:127.0.0.1:57318 accepted tcp:144.31.104.124:443 [socks -> proxy]
07-17 00:18:41.875  5841 31937 I GoLog   : Using Prepared: 144.31.104.124
07-17 00:18:41.877  5841 30104 I GoLog   : from tcp:127.0.0.1:57228 accepted tcp:144.31.104.124:443 [socks -> proxy]
07-17 00:18:41.877  5841 30104 I GoLog   : from tcp:127.0.0.1:57302 accepted tcp:144.31.104.124:443 [socks -> proxy]
07-17 00:18:41.877  5841 30104 I GoLog   : from tcp:127.0.0.1:57300 accepted tcp:144.31.104.124:443 [socks -> proxy]
07-17 00:18:41.885  5841 15208 I GoLog   : Using Prepared: 144.31.104.124
07-17 00:18:41.889  5841 15211 I GoLog   : Using Prepared: 144.31.104.124
07-17 00:18:41.890  5841 31934 I GoLog   : from tcp:127.0.0.1:57332 accepted tcp:144.31.104.124:443 [socks -> proxy]
07-17 00:18:41.895  5841 30083 I GoLog   : Using Prepared: 144.31.104.124
07-17 00:18:41.896  5841 31937 I GoLog   : from tcp:127.0.0.1:57278 accepted tcp:144.31.104.124:443 [socks -> proxy]
07-17 00:18:41.898  5841 30104 I GoLog   : from tcp:127.0.0.1:57262 accepted tcp:144.31.104.124:443 [socks -> proxy]
07-17 00:18:41.899  5841 30107 I GoLog   : Using Prepared: 144.31.104.124
07-17 00:18:41.903  5841 30077 I GoLog   : Using Prepared: 144.31.104.124
07-17 00:18:41.904  5841 15211 I GoLog   : from tcp:127.0.0.1:57256 accepted tcp:144.31.104.124:443 [socks -> proxy]
07-17 00:18:41.909  5841 23910 I GoLog   : Using Prepared: 144.31.104.124
07-17 00:18:41.911  5841 31950 I GoLog   : Using Prepared: 144.31.104.124
07-17 00:18:41.912  5841 31962 I GoLog   : Using Prepared: 144.31.104.124
07-17 00:18:41.917  5841 31962 I GoLog   : from tcp:127.0.0.1:57254 accepted tcp:144.31.104.124:443 [socks -> proxy]
07-17 00:18:41.920  5841 31962 I GoLog   : Using Prepared: 144.31.104.124
07-17 00:18:41.920  5841 15282 I GoLog   : from tcp:127.0.0.1:57346 accepted tcp:144.31.104.124:443 [socks -> proxy]
07-17 00:18:41.922  5841 15211 I GoLog   : from tcp:127.0.0.1:57456 accepted tcp:144.31.104.124:443 [socks -> proxy]
07-17 00:18:41.931  5841 23910 I GoLog   : from tcp:127.0.0.1:57336 accepted tcp:144.31.104.124:443 [socks -> proxy]
07-17 00:18:41.932  5841 31950 I GoLog   : from tcp:127.0.0.1:57396 accepted tcp:144.31.104.124:443 [socks -> proxy]
07-17 00:18:41.945  5841 31934 I GoLog   : from tcp:127.0.0.1:57276 accepted tcp:144.31.104.124:443 [socks -> proxy]
07-17 00:18:41.958  5841 30109 I GoLog   : Using Prepared: 144.31.104.124
07-17 00:18:41.959  5841 15282 I GoLog   : from tcp:127.0.0.1:57376 accepted tcp:144.31.104.124:443 [socks -> proxy]
07-17 00:18:41.963  5841 31963 I GoLog   : from tcp:127.0.0.1:57452 accepted tcp:144.31.104.124:443 [socks -> proxy]
07-17 00:18:41.963  5841 31941 I GoLog   : Using Prepared: 144.31.104.124
07-17 00:18:41.965  5841 30106 I GoLog   : Using Prepared: 144.31.104.124
07-17 00:18:41.965  5841 15210 I GoLog   : Using Prepared: 144.31.104.124
07-17 00:18:41.966  5841 31963 I GoLog   : from tcp:127.0.0.1:57536 accepted tcp:144.31.104.124:443 [socks -> proxy]
07-17 00:18:41.966  5841 30082 I GoLog   : Using Prepared: 144.31.104.124
07-17 00:18:41.973  5841 30106 I GoLog   : from tcp:127.0.0.1:57506 accepted tcp:144.31.104.124:443 [socks -> proxy]
07-17 00:18:41.976  5841 15300 I GoLog   : Using Prepared: 144.31.104.124
07-17 00:18:41.981  5841 31951 I GoLog   : from tcp:127.0.0.1:57528 accepted tcp:144.31.104.124:443 [socks -> proxy]
07-17 00:18:41.983  5841 31913 I GoLog   : Using Prepared: 144.31.104.124
07-17 00:18:41.984  5841 31951 I GoLog   : from tcp:127.0.0.1:57484 accepted tcp:144.31.104.124:443 [socks -> proxy]
07-17 00:18:41.986  5841 15282 I GoLog   : from tcp:127.0.0.1:57552 accepted tcp:144.31.104.124:443 [socks -> proxy]
07-17 00:18:41.987  5841 30077 I GoLog   : Using Prepared: 144.31.104.124
07-17 00:18:41.991  5841 31913 I GoLog   : from tcp:127.0.0.1:57546 accepted tcp:144.31.104.124:443 [socks -> proxy]
07-17 00:18:41.991  5841 15208 I GoLog   : Using Prepared: 144.31.104.124
07-17 00:18:41.993  5841 30077 I GoLog   : from tcp:127.0.0.1:57436 accepted tcp:144.31.104.124:443 [socks -> proxy]
07-17 00:18:41.993  5841 30077 I GoLog   : from tcp:127.0.0.1:57540 accepted tcp:144.31.104.124:443 [socks -> proxy]
07-17 00:18:41.993  5841 30077 I GoLog   : from tcp:127.0.0.1:57524 accepted tcp:144.31.104.124:443 [socks -> proxy]
07-17 00:18:41.994  5841 30109 I GoLog   : from tcp:127.0.0.1:57382 accepted tcp:144.31.104.124:443 [socks -> proxy]
07-17 00:18:41.999  5841 31942 I GoLog   : from tcp:127.0.0.1:57426 accepted tcp:144.31.104.124:443 [socks -> proxy]
07-17 00:18:41.999  5841 31942 I GoLog   : from tcp:127.0.0.1:57476 accepted tcp:144.31.104.124:443 [socks -> proxy]
07-17 00:18:41.999  5841 31942 I GoLog   : from tcp:127.0.0.1:57564 accepted tcp:144.31.104.124:443 [socks -> proxy]
07-17 00:18:41.999  5841 31942 I GoLog   : from tcp:127.0.0.1:57554 accepted tcp:144.31.104.124:443 [socks -> proxy]
07-17 00:18:42.001  5841 30107 I GoLog   : Using Prepared: 144.31.104.124
07-17 00:18:42.004  5841 30107 I GoLog   : from tcp:127.0.0.1:57574 accepted tcp:144.31.104.124:443 [socks -> proxy]
07-17 00:18:42.004  5841 30105 I GoLog   : from tcp:127.0.0.1:57358 accepted tcp:144.31.104.124:443 [socks -> proxy]
07-17 00:18:42.008  5841 15280 I GoLog   : from tcp:127.0.0.1:57372 accepted tcp:144.31.104.124:443 [socks -> proxy]
07-17 00:18:42.011  5841 30083 I GoLog   : Using Prepared: 144.31.104.124
07-17 00:18:42.012  5841 30104 I GoLog   : Using Prepared: 144.31.104.124
07-17 00:18:42.014  5841 31961 I GoLog   : from tcp:127.0.0.1:57472 accepted tcp:144.31.104.124:443 [socks -> proxy]
07-17 00:18:42.014  5841 31961 I GoLog   : from tcp:127.0.0.1:57490 accepted tcp:144.31.104.124:443 [socks -> proxy]
07-17 00:18:42.014  5841 31961 I GoLog   : from tcp:127.0.0.1:57568 accepted tcp:144.31.104.124:443 [socks -> proxy]
07-17 00:18:42.015  5841 30104 I GoLog   : from tcp:127.0.0.1:57410 accepted tcp:144.31.104.124:443 [socks -> proxy]
07-17 00:18:42.015  5841 30104 I GoLog   : from tcp:127.0.0.1:57478 accepted tcp:144.31.104.124:443 [socks -> proxy]
07-17 00:18:42.016  5841 30083 I GoLog   : from tcp:127.0.0.1:57520 accepted tcp:144.31.104.124:443 [socks -> proxy]
07-17 00:18:42.017  5841 23910 I GoLog   : Using Prepared: 144.31.104.124
07-17 00:18:42.019  5841 15211 I GoLog   : Using Prepared: 144.31.104.124
07-17 00:18:42.022  5841 31959 I GoLog   : from tcp:127.0.0.1:57586 accepted tcp:144.31.104.124:443 [socks -> proxy]
07-17 00:18:42.028  5841 31937 I GoLog   : Using Prepared: 144.31.104.124
07-17 00:18:42.028  5841 30105 I GoLog   : from tcp:127.0.0.1:57480 accepted tcp:144.31.104.124:443 [socks -> proxy]
07-17 00:18:42.038  5841 30083 I GoLog   : from tcp:127.0.0.1:57602 accepted tcp:144.31.104.124:443 [socks -> proxy]
07-17 00:18:42.040  5841 30083 I GoLog   : from tcp:127.0.0.1:57612 accepted tcp:144.31.104.124:443 [socks -> proxy]
07-17 00:18:42.049  5841 30083 I GoLog   : from tcp:127.0.0.1:57628 accepted tcp:144.31.104.124:443 [socks -> proxy]
07-17 00:18:42.054  5841 31962 I GoLog   : Using Prepared: 144.31.104.124
07-17 00:18:42.055  5841 31950 I GoLog   : Using Prepared: 144.31.104.124
07-17 00:18:42.056  5841 31941 I GoLog   : Using Prepared: 144.31.104.124
07-17 00:18:42.060  5841 31966 I GoLog   : from tcp:127.0.0.1:57648 accepted tcp:144.31.104.124:443 [socks -> proxy]
07-17 00:18:42.062  5841 31966 I GoLog   : from tcp:127.0.0.1:57632 accepted tcp:144.31.104.124:443 [socks -> proxy]
07-17 00:18:42.063  5841 31963 I GoLog   : Using Prepared: 144.31.104.124
07-17 00:18:42.068  5841 15300 I GoLog   : Using Prepared: 144.31.104.124
07-17 00:18:42.071  5841 31963 I GoLog   : from tcp:127.0.0.1:57672 accepted tcp:144.31.104.124:443 [socks -> proxy]
07-17 00:18:42.071  5841 31963 I GoLog   : from tcp:127.0.0.1:57658 accepted tcp:144.31.104.124:443 [socks -> proxy]
07-17 00:18:42.071  5841 30106 I GoLog   : Using Prepared: 144.31.104.124
07-17 00:18:42.072  5841 15300 I GoLog   : from tcp:127.0.0.1:57684 accepted tcp:144.31.104.124:443 [socks -> proxy]
07-17 00:18:42.075  5841 31934 I GoLog   : Using Prepared: 144.31.104.124
07-17 00:18:42.080  5841 31966 I GoLog   : from tcp:127.0.0.1:57690 accepted tcp:144.31.104.124:443 [socks -> proxy]
07-17 00:18:42.081  5841 30082 I GoLog   : Using Prepared: 144.31.104.124
07-17 00:18:42.084  5841 30082 I GoLog   : from tcp:127.0.0.1:57700 accepted tcp:144.31.104.124:443 [socks -> proxy]
07-17 00:18:42.085  5841 15208 I GoLog   : Using Prepared: 144.31.104.124
07-17 00:18:42.085  5841 31934 I GoLog   : Using Prepared: 144.31.104.124
07-17 00:18:42.086  5841 15208 I GoLog   : Using Prepared: 144.31.104.124
07-17 00:18:42.087  5841 30109 I GoLog   : Using Prepared: 144.31.104.124
07-17 00:18:42.087  5841 30111 I GoLog   : Using Prepared: 144.31.104.124
07-17 00:18:42.088  5841 15300 I GoLog   : Using Prepared: 144.31.104.124
07-17 00:18:42.089  5841 30082 I GoLog   : from tcp:127.0.0.1:57720 accepted tcp:144.31.104.124:443 [socks -> proxy]
07-17 00:18:42.091  5841 30107 I GoLog   : Using Prepared: 144.31.104.124
07-17 00:18:42.091  5841 31942 I GoLog   : Using Prepared: 144.31.104.124
07-17 00:18:42.092  5841 30077 I GoLog   : Using Prepared: 144.31.104.124
07-17 00:18:42.092  5841 31951 I GoLog   : from tcp:127.0.0.1:57704 accepted tcp:144.31.104.124:443 [socks -> proxy]
07-17 00:18:42.093  5841 15282 I GoLog   : Using Prepared: 144.31.104.124
07-17 00:18:42.098  5841 31958 I GoLog   : Using Prepared: 144.31.104.124
07-17 00:18:42.102  5841 30110 I GoLog   : Using Prepared: 144.31.104.124
07-17 00:18:42.102  5841 15280 I GoLog   : Using Prepared: 144.31.104.124
07-17 00:18:42.102  5841 31947 I GoLog   : Using Prepared: 144.31.104.124
07-17 00:18:42.103  5841 31945 I GoLog   : Using Prepared: 144.31.104.124
07-17 00:18:42.104  5841 31945 I GoLog   : from tcp:127.0.0.1:57734 accepted tcp:144.31.104.124:443 [socks -> proxy]
07-17 00:18:42.104  5841 31945 I GoLog   : from tcp:127.0.0.1:57738 accepted tcp:144.31.104.124:443 [socks -> proxy]
07-17 00:18:42.106  5841 15280 I GoLog   : from tcp:127.0.0.1:57732 accepted tcp:144.31.104.124:443 [socks -> proxy]
07-17 00:18:42.107  5841 31947 I GoLog   : from tcp:127.0.0.1:57746 accepted tcp:144.31.104.124:443 [socks -> proxy]
07-17 00:18:42.110  5841 30104 I GoLog   : Using Prepared: 144.31.104.124
07-17 00:18:42.110  5841 31961 I GoLog   : Using Prepared: 144.31.104.124
07-17 00:18:42.110  5841 31947 I GoLog   : Using Prepared: 144.31.104.124
07-17 00:18:42.115  5841 31958 I GoLog   : from tcp:127.0.0.1:57760 accepted tcp:144.31.104.124:443 [socks -> proxy]
07-17 00:18:42.116  5841 31958 I GoLog   : from tcp:127.0.0.1:57750 accepted tcp:144.31.104.124:443 [socks -> proxy]
07-17 00:18:42.121  5841 31959 I GoLog   : Using Prepared: 144.31.104.124
07-17 00:18:42.128  5841 30107 I GoLog   : from tcp:127.0.0.1:57766 accepted tcp:144.31.104.124:443 [socks -> proxy]
07-17 00:18:42.131  5841 23910 I GoLog   : Using Prepared: 144.31.104.124
07-17 00:18:42.131  5841 31937 I GoLog   : Using Prepared: 144.31.104.124
07-17 00:18:42.140  5841 15264 I GoLog   : Using Prepared: 144.31.104.124
07-17 00:18:42.149  5841 31937 I GoLog   : from tcp:127.0.0.1:57782 accepted tcp:144.31.104.124:443 [socks -> proxy]
07-17 00:18:42.151  5841 31950 I GoLog   : Using Prepared: 144.31.104.124
07-17 00:18:42.151  5841 31962 I GoLog   : Using Prepared: 144.31.104.124
07-17 00:18:42.153  5841 15211 I GoLog   : from tcp:127.0.0.1:57826 accepted tcp:144.31.104.124:443 [socks -> proxy]
07-17 00:18:42.157  5841 15282 I GoLog   : fdConn fail to protect, Close Fd: 634
07-17 00:18:42.157  5841 15282 I GoLog   : switched to next IP: 144.31.104.124
07-17 00:18:42.157  5841 30105 I GoLog   : Using Prepared: 144.31.104.124
07-17 00:18:42.159  5841 15282 I GoLog   : from tcp:127.0.0.1:57796 accepted tcp:144.31.104.124:443 [socks -> proxy]
07-17 00:18:42.159  5841 31937 I GoLog   : from tcp:127.0.0.1:57822 accepted tcp:144.31.104.124:443 [socks -> proxy]
07-17 00:18:42.162  5841 15282 I GoLog   : from tcp:127.0.0.1:57810 accepted tcp:144.31.104.124:443 [socks -> proxy]
07-17 00:18:42.162  5841 31963 I GoLog   : Using Prepared: 144.31.104.124
07-17 00:18:42.163  5841 31963 I GoLog   : from tcp:127.0.0.1:57830 accepted tcp:144.31.104.124:443 [socks -> proxy]
07-17 00:18:42.166  5841 23910 I GoLog   : from tcp:127.0.0.1:57832 accepted tcp:144.31.104.124:443 [socks -> proxy]
07-17 00:18:42.167  5841 31941 I GoLog   : Using Prepared: 144.31.104.124
07-17 00:18:42.169  5841 30107 I GoLog   : from tcp:127.0.0.1:57834 accepted tcp:144.31.104.124:443 [socks -> proxy]
07-17 00:18:42.170  5841 30105 I GoLog   : from tcp:127.0.0.1:57846 accepted tcp:144.31.104.124:443 [socks -> proxy]
07-17 00:18:42.172  5841 23910 I GoLog   : from tcp:127.0.0.1:57848 accepted tcp:144.31.104.124:443 [socks -> proxy]
07-17 00:18:42.173  5841 31966 I GoLog   : Using Prepared: 144.31.104.124
07-17 00:18:42.179  5841 31953 I GoLog   : Using Prepared: 144.31.104.124
07-17 00:18:42.181  5841 15208 I GoLog   : Using Prepared: 144.31.104.124
07-17 00:18:42.187  5841 30082 I GoLog   : Using Prepared: 144.31.104.124
07-17 00:18:42.187  5841 30110 I GoLog   : Using Prepared: 144.31.104.124
07-17 00:18:42.197  5841 15208 I GoLog   : from tcp:127.0.0.1:50282 accepted tcp:144.31.104.124:443 [socks -> proxy]
07-17 00:18:42.197  5841 30110 I GoLog   : Using Prepared: 144.31.104.124
07-17 00:18:42.197  5841 15208 I GoLog   : Using Prepared: 144.31.104.124
07-17 00:18:42.201  5841 31953 I GoLog   : from tcp:127.0.0.1:50308 accepted tcp:144.31.104.124:443 [socks -> proxy]
07-17 00:18:42.202  5841 31945 I GoLog   : Using Prepared: 144.31.104.124
07-17 00:18:42.204  5841 31966 I GoLog   : from tcp:127.0.0.1:50312 accepted tcp:144.31.104.124:443 [socks -> proxy]
07-17 00:18:42.207  5841 30104 I GoLog   : Using Prepared: 144.31.104.124
07-17 00:18:42.210  5841 15280 I GoLog   : from tcp:127.0.0.1:50310 accepted tcp:144.31.104.124:443 [socks -> proxy]
07-17 00:18:42.212  5841 31947 I GoLog   : Using Prepared: 144.31.104.124
07-17 00:18:42.214  5841 15208 I GoLog   : from tcp:127.0.0.1:50320 accepted tcp:144.31.104.124:443 [socks -> proxy]
07-17 00:18:42.215  5841 31966 I GoLog   : from tcp:127.0.0.1:50326 accepted tcp:144.31.104.124:443 [socks -> proxy]
07-17 00:18:42.217  5841 31958 I GoLog   : Using Prepared: 144.31.104.124
07-17 00:18:42.231  5841 15280 I GoLog   : from tcp:127.0.0.1:50302 accepted tcp:144.31.104.124:443 [socks -> proxy]
07-17 00:18:42.231  5841 31966 I GoLog   : from tcp:127.0.0.1:50296 accepted tcp:144.31.104.124:443 [socks -> proxy]
07-17 00:18:42.231  5841 31966 I GoLog   : from tcp:127.0.0.1:50300 accepted tcp:144.31.104.124:443 [socks -> proxy]
07-17 00:18:42.239  5841 31962 I GoLog   : Using Prepared: 144.31.104.124
07-17 00:18:42.240  5841 30077 I GoLog   : from tcp:127.0.0.1:50332 accepted tcp:144.31.104.124:443 [socks -> proxy]
07-17 00:18:42.242  5841 15264 I GoLog   : Using Prepared: 144.31.104.124
07-17 00:18:42.243  5841 15211 I GoLog   : Using Prepared: 144.31.104.124
07-17 00:18:42.250  5841 30077 I GoLog   : from tcp:127.0.0.1:50336 accepted tcp:144.31.104.124:443 [socks -> proxy]
07-17 00:18:42.250  5841 31950 I GoLog   : Using Prepared: 144.31.104.124
07-17 00:18:42.252  5841 31959 I GoLog   : Using Prepared: 144.31.104.124
07-17 00:18:42.252  5841 31963 I GoLog   : Using Prepared: 144.31.104.124
07-17 00:18:42.254  5841 31961 I GoLog   : Using Prepared: 144.31.104.124
07-17 00:18:42.256  5841 31937 I GoLog   : Using Prepared: 144.31.104.124
07-17 00:18:42.259  5841 31959 I GoLog   : Using Prepared: 144.31.104.124
07-17 00:18:42.259  5841 31961 I GoLog   : Using Prepared: 144.31.104.124
07-17 00:18:42.263  5841 31937 I GoLog   : from tcp:127.0.0.1:50338 accepted tcp:144.31.104.124:443 [socks -> proxy]
07-17 00:18:42.269  5841 31959 I GoLog   : from tcp:127.0.0.1:50340 accepted tcp:144.31.104.124:443 [socks -> proxy]
07-17 00:18:42.287  5841 23910 I GoLog   : Using Prepared: 144.31.104.124
07-17 00:18:42.288  5841 31961 I GoLog   : Using Prepared: 144.31.104.124
07-17 00:18:42.288  5841 30107 I GoLog   : from tcp:127.0.0.1:50348 accepted tcp:144.31.104.124:443 [socks -> proxy]
07-17 00:18:42.294  5841 31945 I GoLog   : Using Prepared: 144.31.104.124
07-17 00:18:42.297  5841 23910 I GoLog   : from tcp:127.0.0.1:50354 accepted tcp:144.31.104.124:443 [socks -> proxy]
07-17 00:18:42.300  5841 30110 I GoLog   : Using Prepared: 144.31.104.124
07-17 00:18:42.303  5841 31961 I GoLog   : from tcp:127.0.0.1:50356 accepted tcp:144.31.104.124:443 [socks -> proxy]
07-17 00:18:42.308  5841 15208 I GoLog   : Using Prepared: 144.31.104.124
07-17 00:18:42.321  5841 30107 I GoLog   : from tcp:127.0.0.1:50364 accepted tcp:144.31.104.124:443 [socks -> proxy]
07-17 00:18:42.324  5841 15280 I GoLog   : Using Prepared: 144.31.104.124
07-17 00:18:42.332  5841 31962 I GoLog   : Using Prepared: 144.31.104.124
07-17 00:18:42.335  5841 31958 I GoLog   : Using Prepared: 144.31.104.124
07-17 00:18:42.351  5841 15264 I GoLog   : Using Prepared: 144.31.104.124
07-17 00:18:42.363  5841 31937 I GoLog   : Using Prepared: 144.31.104.124
07-17 00:18:42.376  5841 31950 I GoLog   : Using Prepared: 144.31.104.124
07-17 00:18:42.378  5841 30110 I GoLog   : from tcp:127.0.0.1:50366 accepted tcp:144.31.104.124:443 [socks -> proxy]
07-17 00:18:42.385  5841 31959 I GoLog   : Using Prepared: 144.31.104.124
07-17 00:18:42.387  5841 31945 I GoLog   : Using Prepared: 144.31.104.124
07-17 00:18:42.415  5841 31961 I GoLog   : Using Prepared: 144.31.104.124
07-17 00:18:42.447  5841 15280 I GoLog   : Using Prepared: 144.31.104.124
07-17 00:18:42.448  5841 15280 I GoLog   : from tcp:127.0.0.1:50372 accepted tcp:144.31.104.124:443 [socks -> proxy]
07-17 00:18:42.464  5841 23910 I GoLog   : Using Prepared: 144.31.104.124
07-17 00:18:42.490  5841 30110 I GoLog   : from tcp:127.0.0.1:50378 accepted tcp:144.31.104.124:443 [socks -> proxy]
07-17 00:18:42.506  5841 31937 I GoLog   : from tcp:127.0.0.1:50382 accepted tcp:144.31.104.124:443 [socks -> proxy]
07-17 00:18:42.537  5841 30107 I GoLog   : Using Prepared: 144.31.104.124
07-17 00:18:42.584  5841 23910 I GoLog   : Using Prepared: 144.31.104.124
07-17 00:18:42.595  5841 31945 I GoLog   : Using Prepared: 144.31.104.124
07-17 00:18:42.630  5841 31945 I GoLog   : from tcp:127.0.0.1:50402 accepted tcp:144.31.104.124:443 [socks -> proxy]
07-17 00:18:42.704  5841 31959 I GoLog   : from tcp:127.0.0.1:50384 accepted tcp:144.31.104.124:443 [socks -> proxy]
07-17 00:18:42.713  5841 30107 I GoLog   : Using Prepared: 144.31.104.124
07-17 00:18:42.752  5841 30110 I GoLog   : from tcp:127.0.0.1:50390 accepted tcp:144.31.104.124:443 [socks -> proxy]
07-17 00:18:42.752  5841 30110 I GoLog   : from tcp:127.0.0.1:50418 accepted tcp:144.31.104.124:443 [socks -> proxy]
07-17 00:18:42.752  5841 23910 I GoLog   : from tcp:127.0.0.1:50416 accepted tcp:144.31.104.124:443 [socks -> proxy]
07-17 00:18:42.763  5841 23910 I GoLog   : from tcp:127.0.0.1:50468 accepted tcp:144.31.104.124:443 [socks -> proxy]
07-17 00:18:42.775  5841 31961 I GoLog   : from tcp:127.0.0.1:50448 accepted tcp:144.31.104.124:443 [socks -> proxy]
07-17 00:18:42.778  5841 31937 I GoLog   : from tcp:127.0.0.1:50462 accepted tcp:144.31.104.124:443 [socks -> proxy]
07-17 00:18:42.781  5841 31958 I GoLog   : from tcp:127.0.0.1:50434 accepted tcp:144.31.104.124:443 [socks -> proxy]
07-17 00:18:42.787  5841 31958 I GoLog   : from tcp:127.0.0.1:50492 accepted tcp:144.31.104.124:443 [socks -> proxy]
07-17 00:18:42.792  5841 31958 I GoLog   : from tcp:127.0.0.1:50494 accepted tcp:144.31.104.124:443 [socks -> proxy]
07-17 00:18:42.797  5841 31945 I GoLog   : Using Prepared: 144.31.104.124
07-17 00:18:42.807  5841 31966 I GoLog   : from tcp:127.0.0.1:50518 accepted tcp:144.31.104.124:443 [socks -> proxy]
07-17 00:18:42.829  5841 30107 I GoLog   : Using Prepared: 144.31.104.124
07-17 00:18:42.833  5841 31959 I GoLog   : Using Prepared: 144.31.104.124
07-17 00:18:42.840  5841 15264 I GoLog   : Using Prepared: 144.31.104.124
07-17 00:18:42.848  5841 15280 I GoLog   : Using Prepared: 144.31.104.124
07-17 00:18:42.865  5841 30110 I GoLog   : Using Prepared: 144.31.104.124
07-17 00:18:42.868  5841 23910 I GoLog   : Using Prepared: 144.31.104.124
07-17 00:18:42.870  5841 31950 I GoLog   : Using Prepared: 144.31.104.124
07-17 00:18:42.872  5841 31961 I GoLog   : Using Prepared: 144.31.104.124
07-17 00:18:42.884  5841 31937 I GoLog   : Using Prepared: 144.31.104.124
07-17 00:18:42.897  5841 30082 I GoLog   : Using Prepared: 144.31.104.124
07-17 00:18:42.929  5841 30082 I GoLog   : from tcp:127.0.0.1:50558 accepted tcp:144.31.104.124:443 [socks -> proxy]
07-17 00:18:42.932  5841 30110 I GoLog   : from tcp:127.0.0.1:50498 accepted tcp:144.31.104.124:443 [socks -> proxy]
07-17 00:18:42.937  5841 31959 I GoLog   : from tcp:127.0.0.1:50480 accepted tcp:144.31.104.124:443 [socks -> proxy]
07-17 00:18:42.937  5841 31959 I GoLog   : from tcp:127.0.0.1:50532 accepted tcp:144.31.104.124:443 [socks -> proxy]
07-17 00:18:42.941  5841 31959 I GoLog   : from tcp:127.0.0.1:50522 accepted tcp:144.31.104.124:443 [socks -> proxy]
07-17 00:18:42.941  5841 23910 I GoLog   : from tcp:127.0.0.1:50482 accepted tcp:144.31.104.124:443 [socks -> proxy]
07-17 00:18:42.960  5841 31945 I GoLog   : from tcp:127.0.0.1:50510 accepted tcp:144.31.104.124:443 [socks -> proxy]
07-17 00:18:42.983  5841 15264 I GoLog   : from tcp:127.0.0.1:50564 accepted tcp:144.31.104.124:443 [socks -> proxy]
07-17 00:18:42.983  5841 15264 I GoLog   : from tcp:127.0.0.1:50534 accepted tcp:144.31.104.124:443 [socks -> proxy]
07-17 00:18:42.986  5841 15208 I GoLog   : from tcp:127.0.0.1:50580 accepted tcp:144.31.104.124:443 [socks -> proxy]
07-17 00:18:42.991  5841 15264 I GoLog   : from tcp:127.0.0.1:50548 accepted tcp:144.31.104.124:443 [socks -> proxy]
07-17 00:18:43.016  5841 31937 I GoLog   : Using Prepared: 144.31.104.124
07-17 00:18:43.017  5841 30082 I GoLog   : Using Prepared: 144.31.104.124
07-17 00:18:43.027  5841 30110 I GoLog   : Using Prepared: 144.31.104.124
07-17 00:18:43.028  5841 31966 I GoLog   : Using Prepared: 144.31.104.124
07-17 00:18:43.029  5841 31959 I GoLog   : Using Prepared: 144.31.104.124
07-17 00:18:43.033  5841 31950 I GoLog   : Using Prepared: 144.31.104.124
07-17 00:18:43.048  5841 31958 I GoLog   : Using Prepared: 144.31.104.124
07-17 00:18:43.088  5841 31962 I GoLog   : Using Prepared: 144.31.104.124
07-17 00:18:43.090  5841 31961 I GoLog   : Using Prepared: 144.31.104.124
07-17 00:18:43.091  5841 31963 I GoLog   : Using Prepared: 144.31.104.124
07-17 00:18:43.092  5841 30107 I GoLog   : Using Prepared: 144.31.104.124
07-17 00:18:44.090  5841 30107 I GoLog   : Using Prepared: 144.31.104.124
07-17 00:18:44.385  5841 30107 I GoLog   : Using Prepared: 144.31.104.124
07-17 00:18:44.883  5841 31962 I GoLog   : Using Prepared: 144.31.104.124
07-17 00:18:45.597  5841 30082 I GoLog   : Using Prepared: 144.31.104.124
07-17 00:19:07.911  5841 31962 I GoLog   : from tcp:127.0.0.1:59004 accepted tcp:1.1.1.1:853 [socks -> proxy]
07-17 00:19:07.936  5841 30110 I GoLog   : from udp:127.0.0.1:50101 accepted udp:1.1.1.1:53 [socks -> proxy]
07-17 00:19:07.936  5841 30110 I GoLog   : from udp:127.0.0.1:43534 accepted udp:1.1.1.1:53 [socks -> proxy]
07-17 00:19:07.999  5841 31961 I GoLog   : Using Prepared: 144.31.104.124
07-17 00:19:08.023  5841 30082 I GoLog   : Using Prepared: 144.31.104.124
07-17 00:19:08.028  5841 30107 I GoLog   : Using Prepared: 144.31.104.124
07-17 00:19:08.507  5841 30082 I GoLog   : from udp:127.0.0.1:33062 accepted udp:142.251.156.119:443 [socks -> block]
07-17 00:19:08.509  5841 30082 I GoLog   : from udp:127.0.0.1:57371 accepted udp:172.64.41.3:443 [socks -> block]
07-17 00:19:08.511  5841 30107 I GoLog   : from tcp:127.0.0.1:59030 accepted tcp:172.64.41.3:443 [socks -> proxy]
07-17 00:19:08.512  5841 30107 I GoLog   : from tcp:127.0.0.1:59018 accepted tcp:151.101.129.91:443 [socks -> proxy]
07-17 00:19:08.515  5841 31962 I GoLog   : from tcp:127.0.0.1:59038 accepted tcp:172.64.41.3:443 [socks -> proxy]
07-17 00:19:08.519  5841 31962 I GoLog   : from tcp:127.0.0.1:59054 accepted tcp:104.20.23.154:443 [socks -> proxy]
07-17 00:19:08.521  5841 30110 I GoLog   : from tcp:127.0.0.1:59058 accepted tcp:172.64.41.3:443 [socks -> proxy]
07-17 00:19:08.603  5841 30082 I GoLog   : Using Prepared: 144.31.104.124
07-17 00:19:08.605  5841 31961 I GoLog   : Using Prepared: 144.31.104.124
07-17 00:19:08.606  5841 31962 I GoLog   : Using Prepared: 144.31.104.124
07-17 00:19:08.607  5841 31966 I GoLog   : Using Prepared: 144.31.104.124
07-17 00:19:08.608  5841 30107 I GoLog   : Using Prepared: 144.31.104.124
07-17 00:19:10.439  5841 30107 I GoLog   : from udp:127.0.0.1:33062 accepted udp:142.251.156.119:443 [socks -> block]
07-17 00:19:10.440  5841 31966 I GoLog   : from udp:127.0.0.1:57371 accepted udp:172.64.41.3:443 [socks -> block]
07-17 00:19:12.517  5841 30107 I GoLog   : from udp:127.0.0.1:57371 accepted udp:172.64.41.3:443 [socks -> block]
07-17 00:19:12.521  5841 30107 I GoLog   : from udp:127.0.0.1:33062 accepted udp:142.251.156.119:443 [socks -> block]
07-17 00:19:14.171  5841 31966 I GoLog   : from udp:127.0.0.1:45235 accepted udp:142.251.156.119:443 [socks -> block]
07-17 00:19:14.230  5841 30107 I GoLog   : from tcp:127.0.0.1:47696 accepted tcp:104.26.12.205:443 [socks -> proxy]
07-17 00:19:14.322  5841 31966 I GoLog   : Using Prepared: 144.31.104.124
07-17 00:19:16.095  5841 30110 I GoLog   : from udp:127.0.0.1:45235 accepted udp:142.251.156.119:443 [socks -> block]
07-17 00:19:18.177  5841 30110 I GoLog   : from udp:127.0.0.1:45235 accepted udp:142.251.156.119:443 [socks -> block]
07-17 00:19:48.244  5841 30110 I GoLog   : from udp:127.0.0.1:37340 accepted udp:142.251.156.119:443 [socks -> block]
07-17 00:19:50.164  5841 31966 I GoLog   : from udp:127.0.0.1:37340 accepted udp:142.251.156.119:443 [socks -> block]
07-17 00:19:52.231  5841 30107 I GoLog   : from udp:127.0.0.1:37340 accepted udp:142.251.156.119:443 [socks -> block]
07-17 00:20:05.958  5841 31966 I GoLog   : from tcp:127.0.0.1:44068 accepted tcp:1.1.1.1:853 [socks -> proxy]
07-17 00:20:06.050  5841 30107 I GoLog   : Using Prepared: 144.31.104.124
07-17 00:20:06.628  5841 30107 I GoLog   : from tcp:127.0.0.1:44072 accepted tcp:20.42.72.131:443 [socks -> proxy]
07-17 00:20:06.726  5841 31966 I GoLog   : Using Prepared: 144.31.104.124
07-17 00:20:20.083 24310 24366 I GoLog   : 2026/07/16 17:20:20.083290 [Debug] app/log: Logger started
07-17 00:20:20.083 24310 24366 I GoLog   : 2026/07/16 17:20:20.083419 [Info] app/dns: DNS: created UDP client initialized for 1.1.1.1:53
07-17 00:20:20.083 24310 24366 I GoLog   : 2026/07/16 17:20:20.083437 [Info] app/dns: DNS: created UDP client initialized for 1.0.0.1:53
07-17 00:20:20.083 24310 24366 I GoLog   : 2026/07/16 17:20:20.083474 [Debug] app/proxyman/inbound: creating stream worker on 127.0.0.1:10808
07-17 00:20:20.084 24310 24372 I GoLog   : 2026/07/16 17:20:20.083936 [Info] transport/internet/tcp: listening TCP on 127.0.0.1:10808
07-17 00:20:20.084 24310 24371 I GoLog   : 2026/07/16 17:20:20.084021 [Info] transport/internet/udp: listening UDP on 127.0.0.1:10808
07-17 00:20:20.084 24310 24371 I GoLog   : 2026/07/16 17:20:20.084583 [Warning] core: Xray 26.5.9 started
07-17 00:20:20.117  5841 31964 I GoLog   : switched to next IP: 144.31.104.124
07-17 00:20:20.118  5841 31947 I GoLog   : switched to next IP: 144.31.104.124
07-17 00:20:20.118  5841 30082 I GoLog   : switched to next IP: 144.31.104.124
07-17 00:20:20.118  5841 31962 I GoLog   : switched to next IP: 144.31.104.124
07-17 00:20:20.119  5841 30082 I GoLog   : switched to next IP: 144.31.104.124
07-17 00:20:20.119  5841 31947 I GoLog   : fdConn fail to protect, Close Fd: 111
07-17 00:20:20.119  5841 31947 I GoLog   : switched to next IP: 144.31.104.124
07-17 00:20:20.119  5841 31966 I GoLog   : fdConn fail to protect, Close Fd: 113
07-17 00:20:20.119  5841 31964 I GoLog   : fdConn fail to protect, Close Fd: 106
07-17 00:20:20.119  5841 31966 I GoLog   : switched to next IP: 144.31.104.124
07-17 00:20:20.120  5841 31964 I GoLog   : switched to next IP: 144.31.104.124
07-17 00:20:20.120  5841 30082 I GoLog   : fdConn fail to protect, Close Fd: 116
07-17 00:20:20.120  5841 30082 I GoLog   : switched to next IP: 144.31.104.124
07-17 00:20:20.120  5841 31962 I GoLog   : fdConn fail to protect, Close Fd: 115
07-17 00:20:20.120  5841 31962 I GoLog   : switched to next IP: 144.31.104.124
07-17 00:20:20.128 24310 24369 I GoLog   : 2026/07/16 17:20:20.128606 [Info] [2572714130] proxy/socks: TCP Connect request to tcp:1.1.1.1:853
07-17 00:20:20.128 24310 24365 I GoLog   : 2026/07/16 17:20:20.128809 [Info] [2572714130] app/dispatcher: default route for tcp:1.1.1.1:853
07-17 00:20:20.128 24310 24365 I GoLog   : 2026/07/16 17:20:20.128827 [Info] [662346238] proxy/socks: TCP Connect request to tcp:1.0.0.1:853
07-17 00:20:20.128 24310 24365 I GoLog   : 2026/07/16 17:20:20.128970 [Info] [2572714130] transport/internet/tcp: dialing TCP to tcp:144.31.104.124:443
07-17 00:20:20.129 24310 24365 I GoLog   : 2026/07/16 17:20:20.128981 [Debug] [2572714130] transport/internet: dialing to tcp:144.31.104.124:443
07-17 00:20:20.129 24310 24365 I GoLog   : 2026/07/16 17:20:20.128985 [Info] [662346238] app/dispatcher: default route for tcp:1.0.0.1:853
07-17 00:20:20.129 24310 24365 I GoLog   : 2026/07/16 17:20:20.128988 [Info] [662346238] transport/internet/tcp: dialing TCP to tcp:144.31.104.124:443
07-17 00:20:20.129 24310 24365 I GoLog   : 2026/07/16 17:20:20.128991 [Debug] [662346238] transport/internet: dialing to tcp:144.31.104.124:443
07-17 00:20:20.129 24310 24365 I GoLog   : 2026/07/16 17:20:20.129014 from tcp:127.0.0.1:54042 accepted tcp:1.1.1.1:853 [socks-in >> proxy-out]
07-17 00:20:20.129 24310 24365 I GoLog   : 2026/07/16 17:20:20.129076 from tcp:127.0.0.1:54046 accepted tcp:1.0.0.1:853 [socks-in >> proxy-out]
07-17 00:20:20.164 24310 24373 I GoLog   : 2026/07/16 17:20:20.164660 from udp:127.0.0.1:50757 accepted udp:1.1.1.1:53 [socks-in -> dns-out]
07-17 00:20:20.164 24310 24373 I GoLog   : 2026/07/16 17:20:20.164689 [Info] [1255902146] proxy/socks: client UDP connection from udp:127.0.0.1:50757
07-17 00:20:20.164 24310 24373 I GoLog   : 2026/07/16 17:20:20.164724 [Debug] [1255902146] proxy/socks: send packet to udp:1.1.1.1:53 with 34 bytes
07-17 00:20:20.165 24310 24365 I GoLog   : 2026/07/16 17:20:20.164769 [Debug] [1255902146] transport/internet/udp: dispatch request to: udp:1.1.1.1:53
07-17 00:20:20.165 24310 24365 I GoLog   : 2026/07/16 17:20:20.164787 [Info] [1255902146] transport/internet/udp: establishing new connection for udp:1.1.1.1:53
07-17 00:20:20.165 24310 24365 I GoLog   : 2026/07/16 17:20:20.164813 [Info] [1255902146] app/dispatcher: taking detour [dns-out] for [udp:1.1.1.1:53]
07-17 00:20:20.165 24310 24365 I GoLog   : 2026/07/16 17:20:20.164826 [Info] [1255902146] proxy/dns: handling DNS traffic to udp:1.1.1.1:53
07-17 00:20:20.165 24310 24365 I GoLog   : 2026/07/16 17:20:20.164838 [Debug] [1255902146] proxy/socks: writing back UDP response with 34 bytes
07-17 00:20:20.165 24310 24365 I GoLog   : 2026/07/16 17:20:20.164851 from udp:127.0.0.1:38004 accepted udp:1.1.1.1:53 [socks-in -> dns-out]
07-17 00:20:20.165 24310 24365 I GoLog   : 2026/07/16 17:20:20.164850 [Info] [2297881911] proxy/socks: client UDP connection from udp:127.0.0.1:38004
07-17 00:20:20.165 24310 24365 I GoLog   : 2026/07/16 17:20:20.164873 [Debug] [2297881911] proxy/socks: send packet to udp:1.1.1.1:53 with 34 bytes
07-17 00:20:20.165 24310 24365 I GoLog   : 2026/07/16 17:20:20.164885 [Debug] [2297881911] transport/internet/udp: dispatch request to: udp:1.1.1.1:53
07-17 00:20:20.165 24310 24365 I GoLog   : 2026/07/16 17:20:20.164897 [Info] [2297881911] transport/internet/udp: establishing new connection for udp:1.1.1.1:53
07-17 00:20:20.165 24310 24365 I GoLog   : 2026/07/16 17:20:20.164908 [Info] [2297881911] app/dispatcher: taking detour [dns-out] for [udp:1.1.1.1:53]
07-17 00:20:20.165 24310 24365 I GoLog   : 2026/07/16 17:20:20.164920 [Info] [2297881911] proxy/dns: handling DNS traffic to udp:1.1.1.1:53
07-17 00:20:20.165 24310 24365 I GoLog   : 2026/07/16 17:20:20.164992 from DNS accepted udp:1.1.1.1:53 [xray.system.efcbf1fe-80a1-4e2a-bf8c-ce2cac822291 -> dns-out]
07-17 00:20:20.165 24310 24365 I GoLog   : 2026/07/16 17:20:20.164995 [Debug] app/dns: domain mtalk.google.com will use DNS in order: [UDP:1.1.1.1:53 UDP:1.0.0.1:53]
07-17 00:20:20.165 24310 24365 I GoLog   : 2026/07/16 17:20:20.165012 [Info] app/dns: UDP:1.1.1.1:53 querying DNS for: mtalk.google.com.
07-17 00:20:20.165 24310 24365 I GoLog   : 2026/07/16 17:20:20.165023 [Debug] transport/internet/udp: dispatch request to: udp:1.1.1.1:53
07-17 00:20:20.165 24310 24365 I GoLog   : 2026/07/16 17:20:20.165033 [Info] transport/internet/udp: establishing new connection for udp:1.1.1.1:53
07-17 00:20:20.165 24310 24365 I GoLog   : 2026/07/16 17:20:20.165043 [Info] app/dispatcher: taking detour [dns-out] for [udp:1.1.1.1:53]
07-17 00:20:20.165 24310 24365 I GoLog   : 2026/07/16 17:20:20.165053 [Info] proxy/dns: handling DNS traffic to udp:1.1.1.1:53
07-17 00:20:20.165 24310 24365 I GoLog   : 2026/07/16 17:20:20.165061 [Debug] transport/internet: dialing to udp:1.1.1.1:53
07-17 00:20:20.216 24310 24370 I GoLog   : 2026/07/16 17:20:20.216415 [Info] app/dns: UDP:1.1.1.1:53 got answer: mtalk.google.com. TypeA -> [173.194.221.188], rtt: 51.404134ms, lock: 6.998µs
07-17 00:20:20.216 24310 24368 I GoLog   : 2026/07/16 17:20:20.216726 [Debug] [2297881911] proxy/socks: writing back UDP response with 50 bytes
07-17 00:20:20.220 24310 24365 I GoLog   : 2026/07/16 17:20:20.220583 [Info] [4194755698] proxy/socks: TCP Connect request to tcp:173.194.221.188:5228
07-17 00:20:20.224 24310 24365 I GoLog   : 2026/07/16 17:20:20.224775 [Info] [4194755698] app/dispatcher: sniffed domain: mtalk.google.com
07-17 00:20:20.224 24310 24368 I GoLog   : 2026/07/16 17:20:20.224865 [Info] [4194755698] app/dispatcher: default route for tcp:mtalk.google.com:5228
07-17 00:20:20.224 24310 24368 I GoLog   : 2026/07/16 17:20:20.224875 [Info] [4194755698] transport/internet/tcp: dialing TCP to tcp:144.31.104.124:443
07-17 00:20:20.224 24310 24368 I GoLog   : 2026/07/16 17:20:20.224883 [Debug] [4194755698] transport/internet: dialing to tcp:144.31.104.124:443
07-17 00:20:20.224 24310 24368 I GoLog   : 2026/07/16 17:20:20.224909 from tcp:127.0.0.1:54070 accepted tcp:173.194.221.188:5228 [socks-in >> proxy-out]
07-17 00:20:20.323  5841 31964 I GoLog   : fdConn fail to protect, Close Fd: 115
07-17 00:20:20.323  5841 31964 I GoLog   : switched to next IP: 144.31.104.124
07-17 00:20:20.323  5841 31964 I GoLog   : fdConn fail to protect, Close Fd: 117
07-17 00:20:20.323  5841 31964 I GoLog   : switched to next IP: 144.31.104.124
07-17 00:20:20.323  5841 31962 I GoLog   : fdConn fail to protect, Close Fd: 107
07-17 00:20:20.324  5841 31962 I GoLog   : switched to next IP: 144.31.104.124
07-17 00:20:20.325  5841 30107 I GoLog   : fdConn fail to protect, Close Fd: 106
07-17 00:20:20.325 24310 24368 I GoLog   : 2026/07/16 17:20:20.325037 [Info] [662346238] proxy/vless/outbound: tunneling request to tcp:1.0.0.1:853 via 144.31.104.124:443
07-17 00:20:20.325  5841 30107 I GoLog   : switched to next IP: 144.31.104.124
07-17 00:20:20.325  5841 30082 I GoLog   : fdConn fail to protect, Close Fd: 113
07-17 00:20:20.325  5841 30082 I GoLog   : switched to next IP: 144.31.104.124
07-17 00:20:20.325 24310 24370 I GoLog   : 2026/07/16 17:20:20.325868 [Debug] [662346238] proxy: XtlsFilterTls found tls client hello! 228
07-17 00:20:20.325 24310 24365 I GoLog   : 2026/07/16 17:20:20.325962 [Debug] [662346238] proxy: XtlsPadding 228 730 0
07-17 00:20:20.333 24310 24368 I GoLog   : 2026/07/16 17:20:20.332791 [Info] [2572714130] proxy/vless/outbound: tunneling request to tcp:1.1.1.1:853 via 144.31.104.124:443
07-17 00:20:20.333 24310 24368 I GoLog   : 2026/07/16 17:20:20.332914 [Debug] [2572714130] proxy: XtlsFilterTls found tls client hello! 228
07-17 00:20:20.333 24310 24368 I GoLog   : 2026/07/16 17:20:20.332947 [Debug] [2572714130] proxy: XtlsPadding 228 1136 0
07-17 00:20:20.418 24310 24369 I GoLog   : 2026/07/16 17:20:20.418061 [Debug] [662346238] proxy: Xtls Unpadding new block, content 3264 padding 253 command 0
07-17 00:20:20.418 24310 24369 I GoLog   : 2026/07/16 17:20:20.418196 [Debug] [662346238] proxy: XtlsFilterTls found tls 1.3! 1163 TLS_AES_128_GCM_SHA256
07-17 00:20:20.431 24310 24370 I GoLog   : 2026/07/16 17:20:20.431312 [Debug] [662346238] proxy: XtlsPadding 64 984 0
07-17 00:20:20.431 24310 24370 I GoLog   : 2026/07/16 17:20:20.431409 [Debug] [2572714130] proxy: Xtls Unpadding new block, content 3263 padding 44 command 0
07-17 00:20:20.431 24310 24370 I GoLog   : 2026/07/16 17:20:20.431431 [Debug] [2572714130] proxy: XtlsFilterTls found tls 1.3! 1163 TLS_AES_128_GCM_SHA256
07-17 00:20:20.436 24310 24370 I GoLog   : 2026/07/16 17:20:20.436394 [Debug] [2572714130] proxy: XtlsPadding 64 1059 0
07-17 00:20:20.437 24310 24370 I GoLog   : 2026/07/16 17:20:20.437309 [Info] [4194755698] proxy/vless/outbound: tunneling request to tcp:mtalk.google.com:5228 via 144.31.104.124:443
07-17 00:20:20.437 24310 24370 I GoLog   : 2026/07/16 17:20:20.437681 [Debug] [4194755698] proxy: XtlsFilterTls found tls client hello! 532
07-17 00:20:20.437 24310 24370 I GoLog   : 2026/07/16 17:20:20.437856 [Debug] [4194755698] proxy: XtlsPadding 532 496 0
07-17 00:20:20.471 24310 24370 I GoLog   : 2026/07/16 17:20:20.471821 [Debug] [662346238] proxy: XtlsPadding 78 1196 2
07-17 00:20:20.480 24310 24370 I GoLog   : 2026/07/16 17:20:20.480341 [Debug] [2572714130] proxy: XtlsPadding 78 824 2
07-17 00:20:20.550 24310 24369 I GoLog   : 2026/07/16 17:20:20.549784 [Debug] [4194755698] proxy: Xtls Unpadding new block, content 5145 padding 71 command 0
07-17 00:20:20.550 24310 24369 I GoLog   : 2026/07/16 17:20:20.550720 [Debug] [4194755698] proxy: XtlsFilterTls found tls 1.3! 1163 TLS_AES_128_GCM_SHA256
07-17 00:20:20.564 24310 24370 I GoLog   : 2026/07/16 17:20:20.564227 [Debug] [662346238] proxy: Xtls Unpadding new block, content 524 padding 455 command 2
07-17 00:20:20.564 24310 24370 I GoLog   : 2026/07/16 17:20:20.564358 [Debug] [662346238] proxy: CopyRawConn splice
07-17 00:20:20.566 24310 24370 I GoLog   : 2026/07/16 17:20:20.566061 [Debug] [4194755698] proxy: XtlsPadding 64 1290 0
07-17 00:20:20.571 24310 24370 I GoLog   : 2026/07/16 17:20:20.571263 [Info] [2459345130] proxy/socks: client UDP connection from udp:127.0.0.1:55339
07-17 00:20:20.571 24310 24370 I GoLog   : 2026/07/16 17:20:20.571308 [Debug] [2459345130] proxy/socks: send packet to udp:1.0.0.1:53 with 54 bytes
07-17 00:20:20.571 24310 24370 I GoLog   : 2026/07/16 17:20:20.571322 [Debug] [2459345130] transport/internet/udp: dispatch request to: udp:1.0.0.1:53
07-17 00:20:20.571 24310 24370 I GoLog   : 2026/07/16 17:20:20.571332 [Info] [2459345130] transport/internet/udp: establishing new connection for udp:1.0.0.1:53
07-17 00:20:20.571 24310 24370 I GoLog   : 2026/07/16 17:20:20.571634 [Info] [2459345130] app/dispatcher: taking detour [dns-out] for [udp:1.0.0.1:53]
07-17 00:20:20.571 24310 24370 I GoLog   : 2026/07/16 17:20:20.571649 [Info] [2459345130] proxy/dns: handling DNS traffic to udp:1.0.0.1:53
07-17 00:20:20.571 24310 24370 I GoLog   : 2026/07/16 17:20:20.571742 from udp:127.0.0.1:55339 accepted udp:1.0.0.1:53 [socks-in -> dns-out]
07-17 00:20:20.572 24310 24370 I GoLog   : 2026/07/16 17:20:20.572080 [Debug] [2459345130] proxy/socks: writing back UDP response with 54 bytes
07-17 00:20:20.579 24310 24371 I GoLog   : 2026/07/16 17:20:20.579210 [Debug] [2572714130] proxy: Xtls Unpadding new block, content 524 padding 408 command 2
07-17 00:20:20.579 24310 24371 I GoLog   : 2026/07/16 17:20:20.579294 [Debug] [2572714130] proxy: CopyRawConn splice
07-17 00:20:20.585 24310 24370 I GoLog   : 2026/07/16 17:20:20.585732 from udp:127.0.0.1:54386 accepted udp:1.1.1.1:53 [socks-in -> dns-out]
07-17 00:20:20.585 24310 24370 I GoLog   : 2026/07/16 17:20:20.585717 [Info] [769029977] proxy/socks: client UDP connection from udp:127.0.0.1:54386
07-17 00:20:20.585 24310 24370 I GoLog   : 2026/07/16 17:20:20.585782 [Debug] [769029977] proxy/socks: send packet to udp:1.1.1.1:53 with 54 bytes
07-17 00:20:20.585 24310 24370 I GoLog   : 2026/07/16 17:20:20.585792 [Debug] [769029977] transport/internet/udp: dispatch request to: udp:1.1.1.1:53
07-17 00:20:20.585 24310 24370 I GoLog   : 2026/07/16 17:20:20.585799 [Info] [769029977] transport/internet/udp: establishing new connection for udp:1.1.1.1:53
07-17 00:20:20.585 24310 24370 I GoLog   : 2026/07/16 17:20:20.585807 [Info] [769029977] app/dispatcher: taking detour [dns-out] for [udp:1.1.1.1:53]
07-17 00:20:20.585 24310 24370 I GoLog   : 2026/07/16 17:20:20.585814 [Info] [769029977] proxy/dns: handling DNS traffic to udp:1.1.1.1:53
07-17 00:20:20.586 24310 24371 I GoLog   : 2026/07/16 17:20:20.586087 [Debug] [769029977] proxy/socks: writing back UDP response with 54 bytes
07-17 00:20:20.607 24310 24365 I GoLog   : 2026/07/16 17:20:20.607432 [Debug] [4194755698] proxy: XtlsPadding 398 879 2
07-17 00:20:20.705 24310 24373 I GoLog   : 2026/07/16 17:20:20.705608 [Debug] [4194755698] proxy: Xtls Unpadding new block, content 535 padding 705 command 2
07-17 00:20:20.705 24310 24373 I GoLog   : 2026/07/16 17:20:20.705904 [Debug] [4194755698] proxy: CopyRawConn splice
07-17 00:20:20.726  5841 31947 I GoLog   : fdConn fail to protect, Close Fd: 106
07-17 00:20:20.727  5841 31962 I GoLog   : fdConn fail to protect, Close Fd: 113
07-17 00:20:20.727  5841 30082 I GoLog   : fdConn fail to protect, Close Fd: 107
07-17 00:20:20.727  5841 31947 I GoLog   : switched to next IP: 144.31.104.124
07-17 00:20:20.727  5841 30082 I GoLog   : switched to next IP: 144.31.104.124
07-17 00:20:20.727  5841 30082 I GoLog   : switched to next IP: 144.31.104.124
07-17 00:20:20.731  5841 30107 I GoLog   : fdConn fail to protect, Close Fd: 115
07-17 00:20:20.731  5841 30107 I GoLog   : switched to next IP: 144.31.104.124
07-17 00:20:20.731  5841 30095 I GoLog   : fdConn fail to protect, Close Fd: 111
07-17 00:20:20.731  5841 30095 I GoLog   : switched to next IP: 144.31.104.124
07-17 00:20:21.330  5841 30107 I GoLog   : fdConn fail to protect, Close Fd: 106
07-17 00:20:21.330  5841 30107 I GoLog   : switched to next IP: 144.31.104.124
07-17 00:20:21.331  5841 31964 I GoLog   : fdConn fail to protect, Close Fd: 107
07-17 00:20:21.331  5841 31964 I GoLog   : switched to next IP: 144.31.104.124
07-17 00:20:21.334  5841 30107 I GoLog   : fdConn fail to protect, Close Fd: 106
07-17 00:20:21.334  5841 30107 I GoLog   : switched to next IP: 144.31.104.124
07-17 00:20:21.335  5841 30082 I GoLog   : fdConn fail to protect, Close Fd: 107
07-17 00:20:21.335  5841 31964 I GoLog   : fdConn fail to protect, Close Fd: 111
07-17 00:20:21.336  5841 31964 I GoLog   : switched to next IP: 144.31.104.124
07-17 00:20:21.336  5841 30082 I GoLog   : switched to next IP: 144.31.104.124
07-17 00:20:26.267 24310 24365 I GoLog   : 2026/07/16 17:20:26.267031 [Info] [3457777846] proxy/socks: TCP Connect request to tcp:1.0.0.1:853
07-17 00:20:26.267 24310 24373 I GoLog   : 2026/07/16 17:20:26.267506 [Info] [3457777846] app/dispatcher: default route for tcp:1.0.0.1:853
07-17 00:20:26.267 24310 24373 I GoLog   : 2026/07/16 17:20:26.267537 [Info] [3457777846] transport/internet/tcp: dialing TCP to tcp:144.31.104.124:443
07-17 00:20:26.267 24310 24373 I GoLog   : 2026/07/16 17:20:26.267551 [Debug] [3457777846] transport/internet: dialing to tcp:144.31.104.124:443
07-17 00:20:26.267 24310 24370 I GoLog   : 2026/07/16 17:20:26.267632 from tcp:127.0.0.1:33502 accepted tcp:1.0.0.1:853 [socks-in >> proxy-out]
07-17 00:20:26.456 24310 24365 I GoLog   : 2026/07/16 17:20:26.455453 [Info] [3457777846] proxy/vless/outbound: tunneling request to tcp:1.0.0.1:853 via 144.31.104.124:443
07-17 00:20:26.457 24310 24365 I GoLog   : 2026/07/16 17:20:26.456940 [Debug] [3457777846] proxy: XtlsFilterTls found tls client hello! 228
07-17 00:20:26.457 24310 24365 I GoLog   : 2026/07/16 17:20:26.457034 [Debug] [3457777846] proxy: XtlsPadding 228 708 0
07-17 00:20:26.541 24310 24373 I GoLog   : 2026/07/16 17:20:26.541315 [Debug] [3457777846] proxy: Xtls Unpadding new block, content 3263 padding 253 command 0
07-17 00:20:26.541 24310 24373 I GoLog   : 2026/07/16 17:20:26.541378 [Debug] [3457777846] proxy: XtlsFilterTls found tls 1.3! 1163 TLS_AES_128_GCM_SHA256
07-17 00:20:26.553 24310 24373 I GoLog   : 2026/07/16 17:20:26.553715 [Debug] [3457777846] proxy: XtlsPadding 64 1113 0
07-17 00:20:26.595 24310 24370 I GoLog   : 2026/07/16 17:20:26.595135 [Debug] [3457777846] proxy: XtlsPadding 1216 9 2
07-17 00:20:26.680 24310 24365 I GoLog   : 2026/07/16 17:20:26.679861 [Debug] [3457777846] proxy: Xtls Unpadding new block, content 910 padding 31 command 2
07-17 00:20:26.680 24310 24365 I GoLog   : 2026/07/16 17:20:26.680014 [Debug] [3457777846] proxy: CopyRawConn splice
07-17 00:20:26.687 24310 24371 I GoLog   : 2026/07/16 17:20:26.687479 [Info] [592523902] proxy/socks: TCP Connect request to tcp:[2803:f800:53::3]:443
07-17 00:20:26.691 24310 24373 I GoLog   : 2026/07/16 17:20:26.691462 [Info] [592523902] app/dispatcher: sniffed domain: chrome.cloudflare-dns.com
07-17 00:20:26.691 24310 24373 I GoLog   : 2026/07/16 17:20:26.691573 [Info] [592523902] app/dispatcher: default route for tcp:chrome.cloudflare-dns.com:443
07-17 00:20:26.691 24310 24373 I GoLog   : 2026/07/16 17:20:26.691591 [Info] [592523902] transport/internet/tcp: dialing TCP to tcp:144.31.104.124:443
07-17 00:20:26.691 24310 24373 I GoLog   : 2026/07/16 17:20:26.691602 [Debug] [592523902] transport/internet: dialing to tcp:144.31.104.124:443
07-17 00:20:26.691 24310 24373 I GoLog   : 2026/07/16 17:20:26.691602 from tcp:127.0.0.1:33510 accepted tcp:[2803:f800:53::3]:443 [socks-in >> proxy-out]
07-17 00:20:26.692 24310 24370 I GoLog   : 2026/07/16 17:20:26.692343 [Info] [326316917] proxy/socks: TCP Connect request to tcp:[2803:f800:53::3]:443
07-17 00:20:26.692 24310 24371 I GoLog   : 2026/07/16 17:20:26.692448 [Info] [326316917] app/dispatcher: sniffed domain: chrome.cloudflare-dns.com
07-17 00:20:26.692 24310 24371 I GoLog   : 2026/07/16 17:20:26.692467 [Info] [326316917] app/dispatcher: default route for tcp:chrome.cloudflare-dns.com:443
07-17 00:20:26.692 24310 24371 I GoLog   : 2026/07/16 17:20:26.692481 [Info] [326316917] transport/internet/tcp: dialing TCP to tcp:144.31.104.124:443
07-17 00:20:26.692 24310 24371 I GoLog   : 2026/07/16 17:20:26.692491 [Debug] [326316917] transport/internet: dialing to tcp:144.31.104.124:443
07-17 00:20:26.692 24310 24371 I GoLog   : 2026/07/16 17:20:26.692505 [Info] [2269649854] proxy/socks: TCP Connect request to tcp:[2803:f800:53::3]:443
