07-17 00:10:32.307 22261 22354 I GoLog   : 2026/07/16 17:10:32.307600 [Debug] app/log: Logger started
07-17 00:10:32.307 22261 22354 I GoLog   : 2026/07/16 17:10:32.307663 [Info] app/dns: DNS: created UDP client initialized for 1.1.1.1:53
07-17 00:10:32.307 22261 22354 I GoLog   : 2026/07/16 17:10:32.307671 [Info] app/dns: DNS: created UDP client initialized for 1.0.0.1:53
07-17 00:10:32.307 22261 22354 I GoLog   : 2026/07/16 17:10:32.307918 [Debug] app/proxyman/inbound: creating stream worker on 127.0.0.1:10808
07-17 00:10:32.308 22261 22354 I GoLog   : 2026/07/16 17:10:32.308551 [Info] transport/internet/tcp: listening TCP on 127.0.0.1:10808
07-17 00:10:32.309 22261 22352 I GoLog   : 2026/07/16 17:10:32.308721 [Info] transport/internet/udp: listening UDP on 127.0.0.1:10808
07-17 00:10:32.309 22261 22352 I GoLog   : 2026/07/16 17:10:32.308762 [Warning] core: Xray 26.5.9 started
07-17 00:10:32.421 22261 22358 I GoLog   : 2026/07/16 17:10:32.421102 [Info] [1214934868] proxy/socks: client UDP connection from udp:127.0.0.1:51722
07-17 00:10:32.421 22261 22358 I GoLog   : 2026/07/16 17:10:32.421131 [Debug] [1214934868] proxy/socks: send packet to udp:1.1.1.1:53 with 33 bytes
07-17 00:10:32.421 22261 22358 I GoLog   : 2026/07/16 17:10:32.421140 [Debug] [1214934868] transport/internet/udp: dispatch request to: udp:1.1.1.1:53
07-17 00:10:32.421 22261 22358 I GoLog   : 2026/07/16 17:10:32.421147 [Info] [1214934868] transport/internet/udp: establishing new connection for udp:1.1.1.1:53
07-17 00:10:32.421 22261 22361 I GoLog   : 2026/07/16 17:10:32.421269 [Info] [1304207998] proxy/socks: client UDP connection from udp:127.0.0.1:34987
07-17 00:10:32.421 22261 22361 I GoLog   : 2026/07/16 17:10:32.421283 [Debug] [1304207998] proxy/socks: send packet to udp:1.1.1.1:53 with 33 bytes
07-17 00:10:32.421 22261 22361 I GoLog   : 2026/07/16 17:10:32.421289 [Debug] [1304207998] transport/internet/udp: dispatch request to: udp:1.1.1.1:53
07-17 00:10:32.421 22261 22361 I GoLog   : 2026/07/16 17:10:32.421296 [Info] [1304207998] transport/internet/udp: establishing new connection for udp:1.1.1.1:53
07-17 00:10:32.421 22261 22358 I GoLog   : 2026/07/16 17:10:32.421400 [Info] [1304207998] app/dispatcher: taking detour [dns-out] for [udp:1.1.1.1:53]
07-17 00:10:32.421 22261 22358 I GoLog   : 2026/07/16 17:10:32.421413 [Info] [1214934868] app/dispatcher: taking detour [dns-out] for [udp:1.1.1.1:53]
07-17 00:10:32.421 22261 22358 I GoLog   : 2026/07/16 17:10:32.421418 [Info] [1304207998] proxy/dns: handling DNS traffic to udp:1.1.1.1:53
07-17 00:10:32.421 22261 22361 I GoLog   : 2026/07/16 17:10:32.421482 from udp:127.0.0.1:34987 accepted udp:1.1.1.1:53 [socks-in -> dns-out]
07-17 00:10:32.421 22261 22361 I GoLog   : 2026/07/16 17:10:32.421497 from udp:127.0.0.1:51722 accepted udp:1.1.1.1:53 [socks-in -> dns-out]
07-17 00:10:32.421 22261 22361 I GoLog   : 2026/07/16 17:10:32.421541 [Info] [1214934868] proxy/dns: handling DNS traffic to udp:1.1.1.1:53
07-17 00:10:32.421 22261 22361 I GoLog   : 2026/07/16 17:10:32.421581 [Debug] [1214934868] proxy/socks: writing back UDP response with 33 bytes
07-17 00:10:32.421 22261 22350 I GoLog   : 2026/07/16 17:10:32.421683 [Debug] app/dns: domain e4.whatsapp.net will use DNS in order: [UDP:1.1.1.1:53 UDP:1.0.0.1:53]
07-17 00:10:32.421 22261 22350 I GoLog   : 2026/07/16 17:10:32.421712 from DNS accepted udp:1.1.1.1:53 [xray.system.96b95fb4-7bea-4bfe-b585-9736b5e4f15f -> dns-out]
07-17 00:10:32.421 22261 22350 I GoLog   : 2026/07/16 17:10:32.421717 [Info] app/dns: UDP:1.1.1.1:53 querying DNS for: e4.whatsapp.net.
07-17 00:10:32.421 22261 22350 I GoLog   : 2026/07/16 17:10:32.421733 [Debug] transport/internet/udp: dispatch request to: udp:1.1.1.1:53
07-17 00:10:32.421 22261 22350 I GoLog   : 2026/07/16 17:10:32.421752 [Info] transport/internet/udp: establishing new connection for udp:1.1.1.1:53
07-17 00:10:32.421 22261 22350 I GoLog   : 2026/07/16 17:10:32.421808 [Info] app/dispatcher: taking detour [dns-out] for [udp:1.1.1.1:53]
07-17 00:10:32.421 22261 22350 I GoLog   : 2026/07/16 17:10:32.421838 [Info] proxy/dns: handling DNS traffic to udp:1.1.1.1:53
07-17 00:10:32.421 22261 22350 I GoLog   : 2026/07/16 17:10:32.421849 [Debug] transport/internet: dialing to udp:1.1.1.1:53
07-17 00:10:32.428 22261 22350 I GoLog   : 2026/07/16 17:10:32.428540 [Info] [2503419758] proxy/socks: TCP Connect request to tcp:15.197.206.217:80
07-17 00:10:32.446 22261 22361 I GoLog   : 2026/07/16 17:10:32.446156 [Info] [1476089952] proxy/socks: TCP Connect request to tcp:1.0.0.1:853
07-17 00:10:32.446 22261 22361 I GoLog   : 2026/07/16 17:10:32.446228 [Info] [1476089952] app/dispatcher: default route for tcp:1.0.0.1:853
07-17 00:10:32.446 22261 22361 I GoLog   : 2026/07/16 17:10:32.446346 from tcp:127.0.0.1:38662 accepted tcp:1.0.0.1:853 [socks-in >> proxy-out]
07-17 00:10:32.446 22261 22361 I GoLog   : 2026/07/16 17:10:32.446481 [Info] [1476089952] transport/internet/tcp: dialing TCP to tcp:144.31.104.124:443
07-17 00:10:32.446 22261 22361 I GoLog   : 2026/07/16 17:10:32.446521 [Debug] [1476089952] transport/internet: dialing to tcp:144.31.104.124:443
07-17 00:10:32.449 22261 22358 I GoLog   : 2026/07/16 17:10:32.449205 [Info] [3750943722] proxy/socks: TCP Connect request to tcp:1.1.1.1:853
07-17 00:10:32.450 22261 22358 I GoLog   : 2026/07/16 17:10:32.450455 from tcp:127.0.0.1:38676 accepted tcp:1.1.1.1:853 [socks-in >> proxy-out]
07-17 00:10:32.450 22261 22358 I GoLog   : 2026/07/16 17:10:32.450509 [Info] [3750943722] app/dispatcher: default route for tcp:1.1.1.1:853
07-17 00:10:32.450 22261 22358 I GoLog   : 2026/07/16 17:10:32.450545 [Info] [3750943722] transport/internet/tcp: dialing TCP to tcp:144.31.104.124:443
07-17 00:10:32.450 22261 22358 I GoLog   : 2026/07/16 17:10:32.450571 [Debug] [3750943722] transport/internet: dialing to tcp:144.31.104.124:443
07-17 00:10:32.455 22261 22353 I GoLog   : 2026/07/16 17:10:32.455531 [Info] [2503419758] app/dispatcher: sniffed domain: c.whatsapp.net
07-17 00:10:32.455 22261 22353 I GoLog   : 2026/07/16 17:10:32.455557 [Info] [2503419758] app/dispatcher: default route for tcp:c.whatsapp.net:80
07-17 00:10:32.455 22261 22353 I GoLog   : 2026/07/16 17:10:32.455562 [Info] [2503419758] transport/internet/tcp: dialing TCP to tcp:144.31.104.124:443
07-17 00:10:32.455 22261 22353 I GoLog   : 2026/07/16 17:10:32.455565 [Debug] [2503419758] transport/internet: dialing to tcp:144.31.104.124:443
07-17 00:10:32.455 22261 22353 I GoLog   : 2026/07/16 17:10:32.455663 from tcp:127.0.0.1:38648 accepted tcp:15.197.206.217:80 [socks-in >> proxy-out]
07-17 00:10:32.475 22261 22353 I GoLog   : 2026/07/16 17:10:32.475167 [Info] app/dns: UDP:1.1.1.1:53 got answer: e4.whatsapp.net. TypeA -> [3.33.221.48], rtt: 53.455078ms, lock: 13.794µs
07-17 00:10:32.475 22261 22353 I GoLog   : 2026/07/16 17:10:32.475338 [Debug] [1304207998] proxy/socks: writing back UDP response with 49 bytes
07-17 00:10:32.497 22261 22358 I GoLog   : 2026/07/16 17:10:32.497850 [Info] [95435796] proxy/socks: client UDP connection from udp:127.0.0.1:57109
07-17 00:10:32.497 22261 22358 I GoLog   : 2026/07/16 17:10:32.497869 [Debug] [95435796] proxy/socks: send packet to udp:1.1.1.1:53 with 34 bytes
07-17 00:10:32.497 22261 22358 I GoLog   : 2026/07/16 17:10:32.497873 [Debug] [95435796] transport/internet/udp: dispatch request to: udp:1.1.1.1:53
07-17 00:10:32.497 22261 22358 I GoLog   : 2026/07/16 17:10:32.497877 [Info] [95435796] transport/internet/udp: establishing new connection for udp:1.1.1.1:53
07-17 00:10:32.498 22261 22355 I GoLog   : 2026/07/16 17:10:32.497993 [Info] [95435796] app/dispatcher: taking detour [dns-out] for [udp:1.1.1.1:53]
07-17 00:10:32.498 22261 22355 I GoLog   : 2026/07/16 17:10:32.498000 from udp:127.0.0.1:57109 accepted udp:1.1.1.1:53 [socks-in -> dns-out]
07-17 00:10:32.498 22261 22355 I GoLog   : 2026/07/16 17:10:32.498007 [Info] [95435796] proxy/dns: handling DNS traffic to udp:1.1.1.1:53
07-17 00:10:32.498 22261 22358 I GoLog   : 2026/07/16 17:10:32.498126 [Debug] [95435796] proxy/socks: writing back UDP response with 34 bytes
07-17 00:10:32.499 22261 22353 I GoLog   : 2026/07/16 17:10:32.498915 [Info] [625660098] proxy/socks: client UDP connection from udp:127.0.0.1:52013
07-17 00:10:32.499 22261 22353 I GoLog   : 2026/07/16 17:10:32.498923 [Debug] [625660098] proxy/socks: send packet to udp:1.1.1.1:53 with 34 bytes
07-17 00:10:32.499 22261 22353 I GoLog   : 2026/07/16 17:10:32.498927 [Debug] [625660098] transport/internet/udp: dispatch request to: udp:1.1.1.1:53
07-17 00:10:32.499 22261 22353 I GoLog   : 2026/07/16 17:10:32.498930 [Info] [625660098] transport/internet/udp: establishing new connection for udp:1.1.1.1:53
07-17 00:10:32.499 22261 22353 I GoLog   : 2026/07/16 17:10:32.498973 [Info] [625660098] app/dispatcher: taking detour [dns-out] for [udp:1.1.1.1:53]
07-17 00:10:32.499 22261 22353 I GoLog   : 2026/07/16 17:10:32.498977 [Info] [625660098] proxy/dns: handling DNS traffic to udp:1.1.1.1:53
07-17 00:10:32.499 22261 22353 I GoLog   : 2026/07/16 17:10:32.498981 from udp:127.0.0.1:52013 accepted udp:1.1.1.1:53 [socks-in -> dns-out]
07-17 00:10:32.499 22261 22353 I GoLog   : 2026/07/16 17:10:32.499158 [Debug] app/dns: domain mtalk.google.com will use DNS in order: [UDP:1.1.1.1:53 UDP:1.0.0.1:53]
07-17 00:10:32.499 22261 22353 I GoLog   : 2026/07/16 17:10:32.499172 [Info] app/dns: UDP:1.1.1.1:53 querying DNS for: mtalk.google.com.
07-17 00:10:32.499 22261 22353 I GoLog   : 2026/07/16 17:10:32.499176 [Debug] transport/internet/udp: dispatch request to: udp:1.1.1.1:53
07-17 00:10:32.551 22261 22353 I GoLog   : 2026/07/16 17:10:32.551257 [Info] app/dns: UDP:1.1.1.1:53 got answer: mtalk.google.com. TypeA -> [108.177.14.188], rtt: 52.095052ms, lock: 15.869µs
07-17 00:10:32.551 22261 22355 I GoLog   : 2026/07/16 17:10:32.551675 [Debug] [625660098] proxy/socks: writing back UDP response with 50 bytes
07-17 00:10:32.555 22261 22358 I GoLog   : 2026/07/16 17:10:32.555894 [Info] [774722878] proxy/socks: TCP Connect request to tcp:108.177.14.188:5228
07-17 00:10:32.556 22261 22358 I GoLog   : 2026/07/16 17:10:32.556789 [Info] [774722878] app/dispatcher: sniffed domain: mtalk.google.com
07-17 00:10:32.556 22261 22358 I GoLog   : 2026/07/16 17:10:32.556828 [Info] [774722878] app/dispatcher: default route for tcp:mtalk.google.com:5228
07-17 00:10:32.556 22261 22358 I GoLog   : 2026/07/16 17:10:32.556844 [Info] [774722878] transport/internet/tcp: dialing TCP to tcp:144.31.104.124:443
07-17 00:10:32.556 22261 22358 I GoLog   : 2026/07/16 17:10:32.556856 [Debug] [774722878] transport/internet: dialing to tcp:144.31.104.124:443
07-17 00:10:32.556 22261 22358 I GoLog   : 2026/07/16 17:10:32.556882 from tcp:127.0.0.1:38702 accepted tcp:108.177.14.188:5228 [socks-in >> proxy-out]
07-17 00:10:32.636 22261 22358 I GoLog   : 2026/07/16 17:10:32.636275 [Info] [3750943722] proxy/vless/outbound: tunneling request to tcp:1.1.1.1:853 via 144.31.104.124:443
07-17 00:10:32.637 22261 22361 I GoLog   : 2026/07/16 17:10:32.636993 [Debug] [3750943722] proxy: XtlsFilterTls found tls client hello! 228
07-17 00:10:32.637 22261 22361 I GoLog   : 2026/07/16 17:10:32.637091 [Debug] [3750943722] proxy: XtlsPadding 228 1035 0
07-17 00:10:32.637 22261 22361 I GoLog   : 2026/07/16 17:10:32.637665 [Info] [1476089952] proxy/vless/outbound: tunneling request to tcp:1.0.0.1:853 via 144.31.104.124:443
07-17 00:10:32.640 22261 22361 I GoLog   : 2026/07/16 17:10:32.640402 [Debug] [1476089952] proxy: XtlsFilterTls found tls client hello! 228
07-17 00:10:32.640 22261 22361 I GoLog   : 2026/07/16 17:10:32.640533 [Debug] [1476089952] proxy: XtlsPadding 228 685 0
07-17 00:10:34.776 22261 22361 I GoLog   : 2026/07/16 17:10:34.776021 [Info] [2319018383] proxy/socks: client UDP connection from udp:127.0.0.1:51661
07-17 00:10:34.776 22261 22361 I GoLog   : 2026/07/16 17:10:34.776080 [Debug] [2319018383] proxy/socks: send packet to udp:57.144.249.32:443 with 1252 bytes
07-17 00:10:34.776 22261 22361 I GoLog   : 2026/07/16 17:10:34.776096 [Debug] [2319018383] transport/internet/udp: dispatch request to: udp:57.144.249.32:443
07-17 00:10:34.776 22261 22361 I GoLog   : 2026/07/16 17:10:34.776109 [Info] [2319018383] transport/internet/udp: establishing new connection for udp:57.144.249.32:443
07-17 00:10:34.776 22261 22358 I GoLog   : 2026/07/16 17:10:34.776327 [Info] [2319018383] app/dispatcher: sniffed domain: api.whatsapp.net
07-17 00:10:34.776 22261 22358 I GoLog   : 2026/07/16 17:10:34.776346 [Info] [2319018383] app/dispatcher: default route for udp:api.whatsapp.net:443
07-17 00:10:34.776 22261 22358 I GoLog   : 2026/07/16 17:10:34.776358 [Info] [2319018383] transport/internet/tcp: dialing TCP to tcp:144.31.104.124:443
07-17 00:10:34.776 22261 22358 I GoLog   : 2026/07/16 17:10:34.776400 [Debug] [2319018383] transport/internet: dialing to tcp:144.31.104.124:443
07-17 00:10:34.776 22261 22358 I GoLog   : 2026/07/16 17:10:34.776448 from udp:127.0.0.1:51661 accepted udp:57.144.249.32:443 [socks-in >> proxy-out]
07-17 00:10:38.839 22261 22353 I GoLog   : 2026/07/16 17:10:38.839657 from udp:127.0.0.1:49390 accepted udp:1.1.1.1:53 [socks-in -> dns-out]
07-17 00:10:38.839 22261 22353 I GoLog   : 2026/07/16 17:10:38.839656 [Info] [1101257719] proxy/socks: client UDP connection from udp:127.0.0.1:42448
07-17 00:10:38.839 22261 22353 I GoLog   : 2026/07/16 17:10:38.839684 [Info] [3554764488] proxy/socks: client UDP connection from udp:127.0.0.1:49390
07-17 00:10:38.839 22261 22353 I GoLog   : 2026/07/16 17:10:38.839690 [Debug] [3554764488] proxy/socks: send packet to udp:1.1.1.1:53 with 29 bytes
07-17 00:10:38.839 22261 22353 I GoLog   : 2026/07/16 17:10:38.839693 [Debug] [3554764488] transport/internet/udp: dispatch request to: udp:1.1.1.1:53
07-17 00:10:38.839 22261 22353 I GoLog   : 2026/07/16 17:10:38.839696 [Info] [3554764488] transport/internet/udp: establishing new connection for udp:1.1.1.1:53
07-17 00:10:38.839 22261 22353 I GoLog   : 2026/07/16 17:10:38.839699 [Debug] [1101257719] proxy/socks: send packet to udp:1.1.1.1:53 with 29 bytes
07-17 00:10:38.839 22261 22353 I GoLog   : 2026/07/16 17:10:38.839701 [Debug] [1101257719] transport/internet/udp: dispatch request to: udp:1.1.1.1:53
07-17 00:10:38.839 22261 22353 I GoLog   : 2026/07/16 17:10:38.839704 [Info] [1101257719] transport/internet/udp: establishing new connection for udp:1.1.1.1:53
07-17 00:10:38.839 22261 22353 I GoLog   : 2026/07/16 17:10:38.839707 [Info] [3554764488] app/dispatcher: taking detour [dns-out] for [udp:1.1.1.1:53]
07-17 00:10:38.839 22261 22353 I GoLog   : 2026/07/16 17:10:38.839710 [Info] [3554764488] proxy/dns: handling DNS traffic to udp:1.1.1.1:53
07-17 00:10:38.839 22261 22353 I GoLog   : 2026/07/16 17:10:38.839714 [Debug] [3554764488] proxy/socks: writing back UDP response with 29 bytes
07-17 00:10:38.839 22261 22358 I GoLog   : 2026/07/16 17:10:38.839861 [Info] [1101257719] app/dispatcher: taking detour [dns-out] for [udp:1.1.1.1:53]
07-17 00:10:38.839 22261 22358 I GoLog   : 2026/07/16 17:10:38.839917 [Info] [1101257719] proxy/dns: handling DNS traffic to udp:1.1.1.1:53
07-17 00:10:38.840 22261 22358 I GoLog   : 2026/07/16 17:10:38.839878 from udp:127.0.0.1:42448 accepted udp:1.1.1.1:53 [socks-in -> dns-out]
07-17 00:10:38.840 22261 22358 I GoLog   : 2026/07/16 17:10:38.840089 [Debug] app/dns: domain example.com will use DNS in order: [UDP:1.1.1.1:53 UDP:1.0.0.1:53]
07-17 00:10:38.840 22261 22358 I GoLog   : 2026/07/16 17:10:38.840411 [Info] app/dns: UDP:1.1.1.1:53 querying DNS for: example.com.
07-17 00:10:38.840 22261 22358 I GoLog   : 2026/07/16 17:10:38.840464 [Debug] transport/internet/udp: dispatch request to: udp:1.1.1.1:53
07-17 00:10:38.890 22261 22355 I GoLog   : 2026/07/16 17:10:38.890608 [Info] app/dns: UDP:1.1.1.1:53 got answer: example.com. TypeA -> [8.47.69.0 8.6.112.0], rtt: 50.321086ms, lock: 12.289µs
07-17 00:10:38.890 22261 22350 I GoLog   : 2026/07/16 17:10:38.890791 [Debug] [1101257719] proxy/socks: writing back UDP response with 61 bytes
07-17 00:10:38.908 22261 22358 I GoLog   : 2026/07/16 17:10:38.908821 [Info] [3221857291] proxy/socks: client UDP connection from udp:127.0.0.1:36839
07-17 00:10:38.908 22261 22358 I GoLog   : 2026/07/16 17:10:38.908838 [Debug] [3221857291] proxy/socks: send packet to udp:1.1.1.1:53 with 43 bytes
07-17 00:10:38.908 22261 22358 I GoLog   : 2026/07/16 17:10:38.908854 [Debug] [3221857291] transport/internet/udp: dispatch request to: udp:1.1.1.1:53
07-17 00:10:38.908 22261 22358 I GoLog   : 2026/07/16 17:10:38.908858 [Info] [3221857291] transport/internet/udp: establishing new connection for udp:1.1.1.1:53
07-17 00:10:38.908 22261 22358 I GoLog   : 2026/07/16 17:10:38.908941 [Info] [3221857291] app/dispatcher: taking detour [dns-out] for [udp:1.1.1.1:53]
07-17 00:10:38.908 22261 22358 I GoLog   : 2026/07/16 17:10:38.908945 [Info] [3221857291] proxy/dns: handling DNS traffic to udp:1.1.1.1:53
07-17 00:10:38.909 22261 22358 I GoLog   : 2026/07/16 17:10:38.908951 from udp:127.0.0.1:36839 accepted udp:1.1.1.1:53 [socks-in -> dns-out]
07-17 00:10:38.909 22261 22353 I GoLog   : 2026/07/16 17:10:38.909039 [Info] [3221857291] proxy/dns: rejected type TypeHTTPS query for domain chrome.cloudflare-dns.com.
07-17 00:10:38.909 22261 22353 I GoLog   : 2026/07/16 17:10:38.909081 [Debug] [3221857291] proxy/socks: writing back UDP response with 43 bytes
07-17 00:10:38.913 22261 22353 I GoLog   : 2026/07/16 17:10:38.913620 [Info] [1549005697] proxy/socks: client UDP connection from udp:127.0.0.1:51419
07-17 00:10:38.913 22261 22353 I GoLog   : 2026/07/16 17:10:38.913654 [Debug] [1549005697] proxy/socks: send packet to udp:1.1.1.1:53 with 43 bytes
07-17 00:10:38.913 22261 22353 I GoLog   : 2026/07/16 17:10:38.913662 [Debug] [1549005697] transport/internet/udp: dispatch request to: udp:1.1.1.1:53
07-17 00:10:38.913 22261 22353 I GoLog   : 2026/07/16 17:10:38.913667 [Info] [1549005697] transport/internet/udp: establishing new connection for udp:1.1.1.1:53
07-17 00:10:38.913 22261 22353 I GoLog   : 2026/07/16 17:10:38.913773 [Info] [1549005697] app/dispatcher: taking detour [dns-out] for [udp:1.1.1.1:53]
07-17 00:10:38.913 22261 22353 I GoLog   : 2026/07/16 17:10:38.913784 [Info] [1549005697] proxy/dns: handling DNS traffic to udp:1.1.1.1:53
07-17 00:10:38.913 22261 22353 I GoLog   : 2026/07/16 17:10:38.913808 from udp:127.0.0.1:51419 accepted udp:1.1.1.1:53 [socks-in -> dns-out]
07-17 00:10:38.914 22261 22353 I GoLog   : 2026/07/16 17:10:38.914134 [Debug] [1549005697] proxy/socks: writing back UDP response with 43 bytes
07-17 00:10:38.922 22261 22353 I GoLog   : 2026/07/16 17:10:38.922683 [Info] [3983518002] proxy/socks: client UDP connection from udp:127.0.0.1:43925
07-17 00:10:38.922 22261 22353 I GoLog   : 2026/07/16 17:10:38.922702 [Debug] [3983518002] proxy/socks: send packet to udp:1.1.1.1:53 with 43 bytes
07-17 00:10:38.922 22261 22353 I GoLog   : 2026/07/16 17:10:38.922707 [Debug] [3983518002] transport/internet/udp: dispatch request to: udp:1.1.1.1:53
07-17 00:10:38.922 22261 22353 I GoLog   : 2026/07/16 17:10:38.922712 [Info] [3983518002] transport/internet/udp: establishing new connection for udp:1.1.1.1:53
07-17 00:10:38.922 22261 22358 I GoLog   : 2026/07/16 17:10:38.922913 [Info] [3983518002] app/dispatcher: taking detour [dns-out] for [udp:1.1.1.1:53]
07-17 00:10:38.922 22261 22358 I GoLog   : 2026/07/16 17:10:38.922933 [Info] [3983518002] proxy/dns: handling DNS traffic to udp:1.1.1.1:53
07-17 00:10:38.922 22261 22358 I GoLog   : 2026/07/16 17:10:38.922943 from udp:127.0.0.1:43925 accepted udp:1.1.1.1:53 [socks-in -> dns-out]
07-17 00:10:38.923 22261 22353 I GoLog   : 2026/07/16 17:10:38.923132 [Debug] app/dns: domain chrome.cloudflare-dns.com will use DNS in order: [UDP:1.1.1.1:53 UDP:1.0.0.1:53]
07-17 00:10:38.923 22261 22353 I GoLog   : 2026/07/16 17:10:38.923165 [Info] app/dns: UDP:1.1.1.1:53 querying DNS for: chrome.cloudflare-dns.com.
07-17 00:10:38.923 22261 22353 I GoLog   : 2026/07/16 17:10:38.923179 [Debug] transport/internet/udp: dispatch request to: udp:1.1.1.1:53
07-17 00:10:38.926 22261 22358 I GoLog   : 2026/07/16 17:10:38.926520 [Info] [687569084] proxy/socks: client UDP connection from udp:127.0.0.1:38412
07-17 00:10:38.926 22261 22358 I GoLog   : 2026/07/16 17:10:38.926551 [Debug] [687569084] proxy/socks: send packet to udp:1.1.1.1:53 with 43 bytes
07-17 00:10:38.926 22261 22358 I GoLog   : 2026/07/16 17:10:38.926557 [Debug] [687569084] transport/internet/udp: dispatch request to: udp:1.1.1.1:53
07-17 00:10:38.926 22261 22358 I GoLog   : 2026/07/16 17:10:38.926562 [Info] [687569084] transport/internet/udp: establishing new connection for udp:1.1.1.1:53
07-17 00:10:38.926 22261 22353 I GoLog   : 2026/07/16 17:10:38.926665 [Info] [687569084] app/dispatcher: taking detour [dns-out] for [udp:1.1.1.1:53]
07-17 00:10:38.926 22261 22353 I GoLog   : 2026/07/16 17:10:38.926681 [Info] [687569084] proxy/dns: handling DNS traffic to udp:1.1.1.1:53
07-17 00:10:38.926 22261 22353 I GoLog   : 2026/07/16 17:10:38.926702 from udp:127.0.0.1:38412 accepted udp:1.1.1.1:53 [socks-in -> dns-out]
07-17 00:10:38.926 22261 22353 I GoLog   : 2026/07/16 17:10:38.926752 [Info] [687569084] proxy/dns: rejected type TypeHTTPS query for domain chrome.cloudflare-dns.com.
07-17 00:10:38.926 22261 22353 I GoLog   : 2026/07/16 17:10:38.926799 [Debug] [687569084] proxy/socks: writing back UDP response with 43 bytes
07-17 00:10:38.931 22261 22361 I GoLog   : 2026/07/16 17:10:38.930979 [Info] [535981046] proxy/socks: client UDP connection from udp:127.0.0.1:41787
07-17 00:10:38.931 22261 22361 I GoLog   : 2026/07/16 17:10:38.931001 [Debug] [535981046] proxy/socks: send packet to udp:1.1.1.1:53 with 43 bytes
07-17 00:10:38.931 22261 22361 I GoLog   : 2026/07/16 17:10:38.931007 [Debug] [535981046] transport/internet/udp: dispatch request to: udp:1.1.1.1:53
07-17 00:10:38.931 22261 22361 I GoLog   : 2026/07/16 17:10:38.931012 [Info] [535981046] transport/internet/udp: establishing new connection for udp:1.1.1.1:53
07-17 00:10:38.931 22261 22361 I GoLog   : 2026/07/16 17:10:38.931110 [Info] [535981046] app/dispatcher: taking detour [dns-out] for [udp:1.1.1.1:53]
07-17 00:10:38.931 22261 22361 I GoLog   : 2026/07/16 17:10:38.931117 [Info] [535981046] proxy/dns: handling DNS traffic to udp:1.1.1.1:53
07-17 00:10:38.931 22261 22361 I GoLog   : 2026/07/16 17:10:38.931123 from udp:127.0.0.1:41787 accepted udp:1.1.1.1:53 [socks-in -> dns-out]
07-17 00:10:38.931 22261 22361 I GoLog   : 2026/07/16 17:10:38.931208 [Debug] app/dns: domain chrome.cloudflare-dns.com will use DNS in order: [UDP:1.1.1.1:53 UDP:1.0.0.1:53]
07-17 00:10:38.933 22261 22361 I GoLog   : 2026/07/16 17:10:38.932772 [Info] [159475606] proxy/socks: client UDP connection from udp:127.0.0.1:48379
07-17 00:10:38.933 22261 22350 I GoLog   : 2026/07/16 17:10:38.932825 [Debug] [159475606] proxy/socks: send packet to udp:1.1.1.1:53 with 43 bytes
07-17 00:10:38.933 22261 22350 I GoLog   : 2026/07/16 17:10:38.932844 [Debug] [159475606] transport/internet/udp: dispatch request to: udp:1.1.1.1:53
07-17 00:10:38.933 22261 22350 I GoLog   : 2026/07/16 17:10:38.932859 [Info] [159475606] transport/internet/udp: establishing new connection for udp:1.1.1.1:53
07-17 00:10:38.933 22261 22350 I GoLog   : 2026/07/16 17:10:38.933513 [Info] [159475606] app/dispatcher: taking detour [dns-out] for [udp:1.1.1.1:53]
07-17 00:10:38.933 22261 22350 I GoLog   : 2026/07/16 17:10:38.933539 [Info] [159475606] proxy/dns: handling DNS traffic to udp:1.1.1.1:53
07-17 00:10:38.933 22261 22350 I GoLog   : 2026/07/16 17:10:38.933563 from udp:127.0.0.1:48379 accepted udp:1.1.1.1:53 [socks-in -> dns-out]
07-17 00:10:38.934 22261 22350 I GoLog   : 2026/07/16 17:10:38.934003 [Debug] [159475606] proxy/socks: writing back UDP response with 43 bytes
07-17 00:10:38.934 22261 22350 I GoLog   : 2026/07/16 17:10:38.934077 [Info] [2859939005] proxy/socks: client UDP connection from udp:127.0.0.1:45224
07-17 00:10:38.934 22261 22350 I GoLog   : 2026/07/16 17:10:38.934099 [Debug] [2859939005] proxy/socks: send packet to udp:1.1.1.1:53 with 43 bytes
07-17 00:10:38.934 22261 22355 I GoLog   : 2026/07/16 17:10:38.934134 [Debug] [2859939005] transport/internet/udp: dispatch request to: udp:1.1.1.1:53
07-17 00:10:38.934 22261 22355 I GoLog   : 2026/07/16 17:10:38.934151 [Info] [2859939005] transport/internet/udp: establishing new connection for udp:1.1.1.1:53
07-17 00:10:38.934 22261 22355 I GoLog   : 2026/07/16 17:10:38.934178 [Info] [2859939005] app/dispatcher: taking detour [dns-out] for [udp:1.1.1.1:53]
07-17 00:10:38.934 22261 22355 I GoLog   : 2026/07/16 17:10:38.934193 [Info] [2859939005] proxy/dns: handling DNS traffic to udp:1.1.1.1:53
07-17 00:10:38.934 22261 22355 I GoLog   : 2026/07/16 17:10:38.934033 from udp:127.0.0.1:45224 accepted udp:1.1.1.1:53 [socks-in -> dns-out]
07-17 00:10:38.934 22261 22355 I GoLog   : 2026/07/16 17:10:38.934206 [Debug] [2859939005] proxy/socks: writing back UDP response with 43 bytes
07-17 00:10:38.938 22261 22358 I GoLog   : 2026/07/16 17:10:38.938198 [Info] [2577492009] proxy/socks: client UDP connection from udp:127.0.0.1:42764
07-17 00:10:38.938 22261 22358 I GoLog   : 2026/07/16 17:10:38.938241 [Debug] [2577492009] proxy/socks: send packet to udp:1.1.1.1:53 with 43 bytes
07-17 00:10:38.938 22261 22358 I GoLog   : 2026/07/16 17:10:38.938252 [Debug] [2577492009] transport/internet/udp: dispatch request to: udp:1.1.1.1:53
07-17 00:10:38.938 22261 22358 I GoLog   : 2026/07/16 17:10:38.938257 [Info] [2577492009] transport/internet/udp: establishing new connection for udp:1.1.1.1:53
07-17 00:10:38.938 22261 22358 I GoLog   : 2026/07/16 17:10:38.938545 from udp:127.0.0.1:42764 accepted udp:1.1.1.1:53 [socks-in -> dns-out]
07-17 00:10:38.938 22261 22358 I GoLog   : 2026/07/16 17:10:38.938562 [Info] [2577492009] app/dispatcher: taking detour [dns-out] for [udp:1.1.1.1:53]
07-17 00:10:38.938 22261 22358 I GoLog   : 2026/07/16 17:10:38.938569 [Info] [2577492009] proxy/dns: handling DNS traffic to udp:1.1.1.1:53
07-17 00:10:38.938 22261 22358 I GoLog   : 2026/07/16 17:10:38.938608 [Info] [2577492009] proxy/dns: rejected type TypeHTTPS query for domain chrome.cloudflare-dns.com.
07-17 00:10:38.938 22261 22360 I GoLog   : 2026/07/16 17:10:38.938800 [Debug] [2577492009] proxy/socks: writing back UDP response with 43 bytes
07-17 00:10:38.938 22261 22352 I GoLog   : 2026/07/16 17:10:38.938930 [Info] [1500667149] proxy/socks: client UDP connection from udp:127.0.0.1:50765
07-17 00:10:38.938 22261 22352 I GoLog   : 2026/07/16 17:10:38.938956 [Debug] [1500667149] proxy/socks: send packet to udp:1.1.1.1:53 with 43 bytes
07-17 00:10:38.938 22261 22352 I GoLog   : 2026/07/16 17:10:38.938970 [Debug] [1500667149] transport/internet/udp: dispatch request to: udp:1.1.1.1:53
07-17 00:10:38.939 22261 22352 I GoLog   : 2026/07/16 17:10:38.938982 [Info] [1500667149] transport/internet/udp: establishing new connection for udp:1.1.1.1:53
07-17 00:10:38.939 22261 22352 I GoLog   : 2026/07/16 17:10:38.938994 [Info] [1500667149] app/dispatcher: taking detour [dns-out] for [udp:1.1.1.1:53]
07-17 00:10:38.939 22261 22352 I GoLog   : 2026/07/16 17:10:38.938996 from udp:127.0.0.1:50765 accepted udp:1.1.1.1:53 [socks-in -> dns-out]
07-17 00:10:38.939 22261 22352 I GoLog   : 2026/07/16 17:10:38.939006 [Info] [1500667149] proxy/dns: handling DNS traffic to udp:1.1.1.1:53
07-17 00:10:38.939 22261 22352 I GoLog   : 2026/07/16 17:10:38.939064 [Debug] app/dns: domain chrome.cloudflare-dns.com will use DNS in order: [UDP:1.1.1.1:53 UDP:1.0.0.1:53]
07-17 00:10:38.940 22261 22361 I GoLog   : 2026/07/16 17:10:38.940845 [Info] [341580929] proxy/socks: client UDP connection from udp:127.0.0.1:40625
07-17 00:10:38.940 22261 22361 I GoLog   : 2026/07/16 17:10:38.940887 [Debug] [341580929] proxy/socks: send packet to udp:1.0.0.1:53 with 43 bytes
07-17 00:10:38.940 22261 22361 I GoLog   : 2026/07/16 17:10:38.940906 [Debug] [341580929] transport/internet/udp: dispatch request to: udp:1.0.0.1:53
07-17 00:10:38.941 22261 22360 I GoLog   : 2026/07/16 17:10:38.940919 [Info] [341580929] transport/internet/udp: establishing new connection for udp:1.0.0.1:53
07-17 00:10:38.941 22261 22358 I GoLog   : 2026/07/16 17:10:38.941191 [Info] [341580929] app/dispatcher: taking detour [dns-out] for [udp:1.0.0.1:53]
07-17 00:10:38.941 22261 22358 I GoLog   : 2026/07/16 17:10:38.941200 [Info] [341580929] proxy/dns: handling DNS traffic to udp:1.0.0.1:53
07-17 00:10:38.941 22261 22352 I GoLog   : 2026/07/16 17:10:38.941259 from udp:127.0.0.1:40625 accepted udp:1.0.0.1:53 [socks-in -> dns-out]
07-17 00:10:38.941 22261 22361 I GoLog   : 2026/07/16 17:10:38.941332 [Info] [1415072126] proxy/socks: client UDP connection from udp:127.0.0.1:45463
07-17 00:10:38.941 22261 22361 I GoLog   : 2026/07/16 17:10:38.941350 [Debug] [1415072126] proxy/socks: send packet to udp:1.0.0.1:53 with 43 bytes
07-17 00:10:38.941 22261 22361 I GoLog   : 2026/07/16 17:10:38.941363 [Debug] [1415072126] transport/internet/udp: dispatch request to: udp:1.0.0.1:53
07-17 00:10:38.941 22261 22361 I GoLog   : 2026/07/16 17:10:38.941377 [Info] [1415072126] transport/internet/udp: establishing new connection for udp:1.0.0.1:53
07-17 00:10:38.941 22261 22361 I GoLog   : 2026/07/16 17:10:38.941397 [Info] [341580929] proxy/dns: rejected type TypeHTTPS query for domain chrome.cloudflare-dns.com.
07-17 00:10:38.941 22261 22358 I GoLog   : 2026/07/16 17:10:38.941433 [Debug] [341580929] proxy/socks: writing back UDP response with 43 bytes
07-17 00:10:38.941 22261 22352 I GoLog   : 2026/07/16 17:10:38.941617 [Info] [1415072126] app/dispatcher: taking detour [dns-out] for [udp:1.0.0.1:53]
07-17 00:10:38.941 22261 22352 I GoLog   : 2026/07/16 17:10:38.941629 [Info] [1415072126] proxy/dns: handling DNS traffic to udp:1.0.0.1:53
07-17 00:10:38.941 22261 22352 I GoLog   : 2026/07/16 17:10:38.941658 from udp:127.0.0.1:45463 accepted udp:1.0.0.1:53 [socks-in -> dns-out]
07-17 00:10:38.941 22261 22358 I GoLog   : 2026/07/16 17:10:38.941737 [Info] [1415072126] proxy/dns: rejected type TypeHTTPS query for domain chrome.cloudflare-dns.com.
07-17 00:10:38.941 22261 22358 I GoLog   : 2026/07/16 17:10:38.941758 [Debug] [1415072126] proxy/socks: writing back UDP response with 43 bytes
07-17 00:10:38.947 22261 22352 I GoLog   : 2026/07/16 17:10:38.946970 [Info] [3970824472] proxy/socks: client UDP connection from udp:127.0.0.1:37766
07-17 00:10:38.947 22261 22352 I GoLog   : 2026/07/16 17:10:38.947003 [Debug] [3970824472] proxy/socks: send packet to udp:1.0.0.1:53 with 43 bytes
07-17 00:10:38.947 22261 22352 I GoLog   : 2026/07/16 17:10:38.947010 [Debug] [3970824472] transport/internet/udp: dispatch request to: udp:1.0.0.1:53
07-17 00:10:38.947 22261 22352 I GoLog   : 2026/07/16 17:10:38.947014 [Info] [3970824472] transport/internet/udp: establishing new connection for udp:1.0.0.1:53
07-17 00:10:38.947 22261 22352 I GoLog   : 2026/07/16 17:10:38.947107 [Info] [3970824472] app/dispatcher: taking detour [dns-out] for [udp:1.0.0.1:53]
07-17 00:10:38.947 22261 22352 I GoLog   : 2026/07/16 17:10:38.947120 [Info] [3970824472] proxy/dns: handling DNS traffic to udp:1.0.0.1:53
07-17 00:10:38.947 22261 22352 I GoLog   : 2026/07/16 17:10:38.947109 from udp:127.0.0.1:37766 accepted udp:1.0.0.1:53 [socks-in -> dns-out]
07-17 00:10:38.947 22261 22352 I GoLog   : 2026/07/16 17:10:38.947154 [Info] [3970824472] proxy/dns: rejected type TypeHTTPS query for domain chrome.cloudflare-dns.com.
07-17 00:10:38.947 22261 22352 I GoLog   : 2026/07/16 17:10:38.947160 [Debug] [3970824472] proxy/socks: writing back UDP response with 43 bytes
07-17 00:10:38.949 22261 22352 I GoLog   : 2026/07/16 17:10:38.949790 [Info] [539832233] proxy/socks: client UDP connection from udp:127.0.0.1:48018
07-17 00:10:38.950 22261 22352 I GoLog   : 2026/07/16 17:10:38.950063 [Debug] [539832233] proxy/socks: send packet to udp:1.1.1.1:53 with 43 bytes
07-17 00:10:38.950 22261 22352 I GoLog   : 2026/07/16 17:10:38.950069 [Debug] [539832233] transport/internet/udp: dispatch request to: udp:1.1.1.1:53
07-17 00:10:38.950 22261 22352 I GoLog   : 2026/07/16 17:10:38.950074 [Info] [539832233] transport/internet/udp: establishing new connection for udp:1.1.1.1:53
07-17 00:10:38.950 22261 22352 I GoLog   : 2026/07/16 17:10:38.950078 [Info] [539832233] app/dispatcher: taking detour [dns-out] for [udp:1.1.1.1:53]
07-17 00:10:38.950 22261 22352 I GoLog   : 2026/07/16 17:10:38.950080 [Info] [539832233] proxy/dns: handling DNS traffic to udp:1.1.1.1:53
07-17 00:10:38.950 22261 22352 I GoLog   : 2026/07/16 17:10:38.950086 [Info] [539832233] proxy/dns: rejected type TypeHTTPS query for domain chrome.cloudflare-dns.com.
07-17 00:10:38.950 22261 22352 I GoLog   : 2026/07/16 17:10:38.950089 [Debug] [539832233] proxy/socks: writing back UDP response with 43 bytes
07-17 00:10:38.950 22261 22352 I GoLog   : 2026/07/16 17:10:38.949971 from udp:127.0.0.1:48018 accepted udp:1.1.1.1:53 [socks-in -> dns-out]
07-17 00:10:38.950 22261 22360 I GoLog   : 2026/07/16 17:10:38.950251 [Info] [3893614944] proxy/socks: client UDP connection from udp:127.0.0.1:50916
07-17 00:10:38.950 22261 22360 I GoLog   : 2026/07/16 17:10:38.950278 [Debug] [3893614944] proxy/socks: send packet to udp:1.1.1.1:53 with 43 bytes
07-17 00:10:38.950 22261 22360 I GoLog   : 2026/07/16 17:10:38.950284 [Debug] [3893614944] transport/internet/udp: dispatch request to: udp:1.1.1.1:53
07-17 00:10:38.950 22261 22360 I GoLog   : 2026/07/16 17:10:38.950288 [Info] [3893614944] transport/internet/udp: establishing new connection for udp:1.1.1.1:53
07-17 00:10:38.950 22261 22360 I GoLog   : 2026/07/16 17:10:38.950293 [Info] [3893614944] app/dispatcher: taking detour [dns-out] for [udp:1.1.1.1:53]
07-17 00:10:38.950 22261 22360 I GoLog   : 2026/07/16 17:10:38.950296 [Info] [3893614944] proxy/dns: handling DNS traffic to udp:1.1.1.1:53
07-17 00:10:38.950 22261 22360 I GoLog   : 2026/07/16 17:10:38.950305 from udp:127.0.0.1:50916 accepted udp:1.1.1.1:53 [socks-in -> dns-out]
07-17 00:10:38.950 22261 22352 I GoLog   : 2026/07/16 17:10:38.950442 [Info] [3893614944] proxy/dns: rejected type TypeHTTPS query for domain chrome.cloudflare-dns.com.
07-17 00:10:38.950 22261 22352 I GoLog   : 2026/07/16 17:10:38.950465 [Debug] [3893614944] proxy/socks: writing back UDP response with 43 bytes
07-17 00:10:38.955 22261 22361 I GoLog   : 2026/07/16 17:10:38.955649 [Info] [1791431035] proxy/socks: client UDP connection from udp:127.0.0.1:37680
07-17 00:10:38.955 22261 22361 I GoLog   : 2026/07/16 17:10:38.955672 [Debug] [1791431035] proxy/socks: send packet to udp:1.1.1.1:53 with 43 bytes
07-17 00:10:38.955 22261 22361 I GoLog   : 2026/07/16 17:10:38.955678 [Debug] [1791431035] transport/internet/udp: dispatch request to: udp:1.1.1.1:53
07-17 00:10:38.955 22261 22361 I GoLog   : 2026/07/16 17:10:38.955683 [Info] [1791431035] transport/internet/udp: establishing new connection for udp:1.1.1.1:53
07-17 00:10:38.955 22261 22355 I GoLog   : 2026/07/16 17:10:38.955743 [Info] [1881474923] proxy/socks: client UDP connection from udp:127.0.0.1:33365
07-17 00:10:38.955 22261 22355 I GoLog   : 2026/07/16 17:10:38.955755 [Debug] [1881474923] proxy/socks: send packet to udp:1.0.0.1:53 with 43 bytes
07-17 00:10:38.955 22261 22355 I GoLog   : 2026/07/16 17:10:38.955761 [Debug] [1881474923] transport/internet/udp: dispatch request to: udp:1.0.0.1:53
07-17 00:10:38.955 22261 22355 I GoLog   : 2026/07/16 17:10:38.955765 [Info] [1881474923] transport/internet/udp: establishing new connection for udp:1.0.0.1:53
07-17 00:10:38.955 22261 22361 I GoLog   : 2026/07/16 17:10:38.955824 from udp:127.0.0.1:33365 accepted udp:1.0.0.1:53 [socks-in -> dns-out]
07-17 00:10:38.955 22261 22361 I GoLog   : 2026/07/16 17:10:38.955832 from udp:127.0.0.1:37680 accepted udp:1.1.1.1:53 [socks-in -> dns-out]
07-17 00:10:38.955 22261 22360 I GoLog   : 2026/07/16 17:10:38.955885 [Info] [1881474923] app/dispatcher: taking detour [dns-out] for [udp:1.0.0.1:53]
07-17 00:10:38.955 22261 22360 I GoLog   : 2026/07/16 17:10:38.955923 [Info] [1881474923] proxy/dns: handling DNS traffic to udp:1.0.0.1:53
07-17 00:10:38.955 22261 22360 I GoLog   : 2026/07/16 17:10:38.955944 [Info] [1791431035] app/dispatcher: taking detour [dns-out] for [udp:1.1.1.1:53]
07-17 00:10:38.956 22261 22353 I GoLog   : 2026/07/16 17:10:38.955959 [Info] [1791431035] proxy/dns: handling DNS traffic to udp:1.1.1.1:53
07-17 00:10:38.956 22261 22353 I GoLog   : 2026/07/16 17:10:38.955971 [Info] [3260602366] proxy/socks: client UDP connection from udp:127.0.0.1:44347
07-17 00:10:38.956 22261 22353 I GoLog   : 2026/07/16 17:10:38.955984 [Debug] [3260602366] proxy/socks: send packet to udp:1.0.0.1:53 with 43 bytes
07-17 00:10:38.956 22261 22353 I GoLog   : 2026/07/16 17:10:38.955996 [Debug] [3260602366] transport/internet/udp: dispatch request to: udp:1.0.0.1:53
07-17 00:10:38.956 22261 22353 I GoLog   : 2026/07/16 17:10:38.956007 [Info] [3260602366] transport/internet/udp: establishing new connection for udp:1.0.0.1:53
07-17 00:10:38.956 22261 22353 I GoLog   : 2026/07/16 17:10:38.956019 from udp:127.0.0.1:44347 accepted udp:1.0.0.1:53 [socks-in -> dns-out]
07-17 00:10:38.956 22261 22353 I GoLog   : 2026/07/16 17:10:38.956026 [Info] [1881474923] proxy/dns: rejected type TypeHTTPS query for domain chrome.cloudflare-dns.com.
07-17 00:10:38.956 22261 22353 I GoLog   : 2026/07/16 17:10:38.956037 [Debug] [1881474923] proxy/socks: writing back UDP response with 43 bytes
07-17 00:10:38.956 22261 22353 I GoLog   : 2026/07/16 17:10:38.956048 [Info] [1791431035] proxy/dns: rejected type TypeHTTPS query for domain chrome.cloudflare-dns.com.
07-17 00:10:38.956 22261 22353 I GoLog   : 2026/07/16 17:10:38.956078 [Debug] [1791431035] proxy/socks: writing back UDP response with 43 bytes
07-17 00:10:38.956 22261 22353 I GoLog   : 2026/07/16 17:10:38.956110 [Info] [3260602366] app/dispatcher: taking detour [dns-out] for [udp:1.0.0.1:53]
07-17 00:10:38.956 22261 22353 I GoLog   : 2026/07/16 17:10:38.956123 [Info] [3260602366] proxy/dns: handling DNS traffic to udp:1.0.0.1:53
07-17 00:10:38.956 22261 22353 I GoLog   : 2026/07/16 17:10:38.956136 [Info] [3260602366] proxy/dns: rejected type TypeHTTPS query for domain chrome.cloudflare-dns.com.
07-17 00:10:38.956 22261 22353 I GoLog   : 2026/07/16 17:10:38.956147 [Debug] [3260602366] proxy/socks: writing back UDP response with 43 bytes
07-17 00:10:38.957 22261 22360 I GoLog   : 2026/07/16 17:10:38.957728 [Info] [221264650] proxy/socks: client UDP connection from udp:127.0.0.1:49562
07-17 00:10:38.957 22261 22360 I GoLog   : 2026/07/16 17:10:38.957741 [Debug] [221264650] proxy/socks: send packet to udp:1.0.0.1:53 with 43 bytes
07-17 00:10:38.957 22261 22360 I GoLog   : 2026/07/16 17:10:38.957745 [Debug] [221264650] transport/internet/udp: dispatch request to: udp:1.0.0.1:53
07-17 00:10:38.957 22261 22360 I GoLog   : 2026/07/16 17:10:38.957748 [Info] [221264650] transport/internet/udp: establishing new connection for udp:1.0.0.1:53
07-17 00:10:38.957 22261 22360 I GoLog   : 2026/07/16 17:10:38.957830 from udp:127.0.0.1:49562 accepted udp:1.0.0.1:53 [socks-in -> dns-out]
07-17 00:10:38.957 22261 22360 I GoLog   : 2026/07/16 17:10:38.957844 [Info] [221264650] app/dispatcher: taking detour [dns-out] for [udp:1.0.0.1:53]
07-17 00:10:38.957 22261 22352 I GoLog   : 2026/07/16 17:10:38.957881 [Info] [221264650] proxy/dns: handling DNS traffic to udp:1.0.0.1:53
07-17 00:10:38.957 22261 22352 I GoLog   : 2026/07/16 17:10:38.957890 [Info] [221264650] proxy/dns: rejected type TypeHTTPS query for domain chrome.cloudflare-dns.com.
07-17 00:10:38.957 22261 22352 I GoLog   : 2026/07/16 17:10:38.957900 [Debug] [221264650] proxy/socks: writing back UDP response with 43 bytes
07-17 00:10:38.973 22261 22358 I GoLog   : 2026/07/16 17:10:38.973602 [Info] app/dns: UDP:1.1.1.1:53 got answer: chrome.cloudflare-dns.com. TypeA -> [162.159.61.3 172.64.41.3], rtt: 50.49589ms, lock: 12.777µs
07-17 00:10:38.973 22261 22361 I GoLog   : 2026/07/16 17:10:38.973881 [Debug] [535981046] proxy/socks: writing back UDP response with 75 bytes
07-17 00:10:38.973 22261 22361 I GoLog   : 2026/07/16 17:10:38.973887 [Debug] [3983518002] proxy/socks: writing back UDP response with 75 bytes
07-17 00:10:38.973 22261 22361 I GoLog   : 2026/07/16 17:10:38.973890 [Debug] [1500667149] proxy/socks: writing back UDP response with 75 bytes
07-17 00:10:38.981 22261 22358 I GoLog   : 2026/07/16 17:10:38.981074 [Info] [322471436] proxy/socks: TCP Connect request to tcp:162.159.61.3:443
07-17 00:10:39.006 22261 22353 I GoLog   : 2026/07/16 17:10:39.006914 [Info] [2500485260] proxy/socks: client UDP connection from udp:127.0.0.1:46489
07-17 00:10:39.006 22261 22353 I GoLog   : 2026/07/16 17:10:39.006936 [Debug] [2500485260] proxy/socks: send packet to udp:162.159.61.3:443 with 1250 bytes
07-17 00:10:39.006 22261 22353 I GoLog   : 2026/07/16 17:10:39.006940 [Debug] [2500485260] transport/internet/udp: dispatch request to: udp:162.159.61.3:443
07-17 00:10:39.006 22261 22353 I GoLog   : 2026/07/16 17:10:39.006943 [Info] [2500485260] transport/internet/udp: establishing new connection for udp:162.159.61.3:443
07-17 00:10:39.006 22261 22353 I GoLog   : 2026/07/16 17:10:39.006946 [Debug] [2500485260] proxy/socks: send packet to udp:162.159.61.3:443 with 1250 bytes
07-17 00:10:39.007 22261 22353 I GoLog   : 2026/07/16 17:10:39.006949 [Debug] [2500485260] transport/internet/udp: dispatch request to: udp:162.159.61.3:443
07-17 00:10:39.007 22261 22361 I GoLog   : 2026/07/16 17:10:39.007633 [Info] [2500485260] app/dispatcher: sniffed domain: chrome.cloudflare-dns.com
07-17 00:10:39.007 22261 22361 I GoLog   : 2026/07/16 17:10:39.007651 [Info] [2500485260] app/dispatcher: default route for udp:chrome.cloudflare-dns.com:443
07-17 00:10:39.007 22261 22361 I GoLog   : 2026/07/16 17:10:39.007658 [Info] [2500485260] transport/internet/tcp: dialing TCP to tcp:144.31.104.124:443
07-17 00:10:39.007 22261 22361 I GoLog   : 2026/07/16 17:10:39.007663 [Debug] [2500485260] transport/internet: dialing to tcp:144.31.104.124:443
07-17 00:10:39.007 22261 22361 I GoLog   : 2026/07/16 17:10:39.007717 from udp:127.0.0.1:46489 accepted udp:162.159.61.3:443 [socks-in >> proxy-out]
07-17 00:10:39.012 22261 22361 I GoLog   : 2026/07/16 17:10:39.012137 [Info] [322471436] app/dispatcher: sniffed domain: chrome.cloudflare-dns.com
07-17 00:10:39.012 22261 22361 I GoLog   : 2026/07/16 17:10:39.012177 from tcp:127.0.0.1:38942 accepted tcp:162.159.61.3:443 [socks-in >> proxy-out]
07-17 00:10:39.012 22261 22361 I GoLog   : 2026/07/16 17:10:39.012186 [Info] [322471436] app/dispatcher: default route for tcp:chrome.cloudflare-dns.com:443
07-17 00:10:39.012 22261 22361 I GoLog   : 2026/07/16 17:10:39.012212 [Info] [322471436] transport/internet/tcp: dialing TCP to tcp:144.31.104.124:443
07-17 00:10:39.012 22261 22361 I GoLog   : 2026/07/16 17:10:39.012255 [Debug] [322471436] transport/internet: dialing to tcp:144.31.104.124:443
07-17 00:10:39.016 22261 22352 I GoLog   : 2026/07/16 17:10:39.016398 [Info] [384764169] proxy/socks: client UDP connection from udp:127.0.0.1:48609
07-17 00:10:39.016 22261 22352 I GoLog   : 2026/07/16 17:10:39.016436 [Debug] [384764169] proxy/socks: send packet to udp:1.1.1.1:53 with 29 bytes
07-17 00:10:39.016 22261 22352 I GoLog   : 2026/07/16 17:10:39.016443 [Debug] [384764169] transport/internet/udp: dispatch request to: udp:1.1.1.1:53
07-17 00:10:39.016 22261 22352 I GoLog   : 2026/07/16 17:10:39.016449 [Info] [384764169] transport/internet/udp: establishing new connection for udp:1.1.1.1:53
07-17 00:10:39.016 22261 22353 I GoLog   : 2026/07/16 17:10:39.016501 [Info] [384764169] app/dispatcher: taking detour [dns-out] for [udp:1.1.1.1:53]
07-17 00:10:39.016 22261 22353 I GoLog   : 2026/07/16 17:10:39.016517 [Info] [384764169] proxy/dns: handling DNS traffic to udp:1.1.1.1:53
07-17 00:10:39.016 22261 22353 I GoLog   : 2026/07/16 17:10:39.016523 from udp:127.0.0.1:48609 accepted udp:1.1.1.1:53 [socks-in -> dns-out]
07-17 00:10:39.016 22261 22361 I GoLog   : 2026/07/16 17:10:39.016569 [Info] [384764169] proxy/dns: rejected type TypeHTTPS query for domain example.com.
07-17 00:10:39.016 22261 22361 I GoLog   : 2026/07/16 17:10:39.016594 [Debug] [384764169] proxy/socks: writing back UDP response with 29 bytes
07-17 00:10:39.017 22261 22360 I GoLog   : 2026/07/16 17:10:39.017591 [Info] [3921827738] proxy/socks: client UDP connection from udp:127.0.0.1:59123
07-17 00:10:39.017 22261 22360 I GoLog   : 2026/07/16 17:10:39.017601 [Debug] [3921827738] proxy/socks: send packet to udp:1.1.1.1:53 with 29 bytes
07-17 00:10:39.017 22261 22360 I GoLog   : 2026/07/16 17:10:39.017605 [Debug] [3921827738] transport/internet/udp: dispatch request to: udp:1.1.1.1:53
07-17 00:10:39.017 22261 22360 I GoLog   : 2026/07/16 17:10:39.017608 [Info] [3921827738] transport/internet/udp: establishing new connection for udp:1.1.1.1:53
07-17 00:10:39.017 22261 22360 I GoLog   : 2026/07/16 17:10:39.017611 [Info] [3921827738] app/dispatcher: taking detour [dns-out] for [udp:1.1.1.1:53]
07-17 00:10:39.017 22261 22360 I GoLog   : 2026/07/16 17:10:39.017614 [Info] [3921827738] proxy/dns: handling DNS traffic to udp:1.1.1.1:53
07-17 00:10:39.017 22261 22360 I GoLog   : 2026/07/16 17:10:39.017624 from udp:127.0.0.1:59123 accepted udp:1.1.1.1:53 [socks-in -> dns-out]
07-17 00:10:39.017 22261 22358 I GoLog   : 2026/07/16 17:10:39.017683 [Debug] [3921827738] proxy/socks: writing back UDP response with 29 bytes
07-17 00:10:39.017 22261 22358 I GoLog   : 2026/07/16 17:10:39.017688 [Info] [618548745] proxy/socks: TCP Connect request to tcp:162.159.61.3:443
07-17 00:10:39.018 22261 22352 I GoLog   : 2026/07/16 17:10:39.017949 [Info] [2949853154] proxy/socks: client UDP connection from udp:127.0.0.1:51702
07-17 00:10:39.018 22261 22352 I GoLog   : 2026/07/16 17:10:39.017961 [Debug] [2949853154] proxy/socks: send packet to udp:1.1.1.1:53 with 29 bytes
07-17 00:10:39.018 22261 22352 I GoLog   : 2026/07/16 17:10:39.017966 [Debug] [2949853154] transport/internet/udp: dispatch request to: udp:1.1.1.1:53
07-17 00:10:39.018 22261 22352 I GoLog   : 2026/07/16 17:10:39.017969 [Info] [2949853154] transport/internet/udp: establishing new connection for udp:1.1.1.1:53
07-17 00:10:39.018 22261 22352 I GoLog   : 2026/07/16 17:10:39.018014 [Info] [2949853154] app/dispatcher: taking detour [dns-out] for [udp:1.1.1.1:53]
07-17 00:10:39.018 22261 22352 I GoLog   : 2026/07/16 17:10:39.018017 [Info] [2949853154] proxy/dns: handling DNS traffic to udp:1.1.1.1:53
07-17 00:10:39.018 22261 22352 I GoLog   : 2026/07/16 17:10:39.018021 from udp:127.0.0.1:51702 accepted udp:1.1.1.1:53 [socks-in -> dns-out]
07-17 00:10:39.018 22261 22352 I GoLog   : 2026/07/16 17:10:39.018122 [Debug] app/dns: domain example.com will use DNS in order: [UDP:1.1.1.1:53 UDP:1.0.0.1:53]
07-17 00:10:39.018 22261 22352 I GoLog   : 2026/07/16 17:10:39.018134 [Debug] app/dns: UDP:1.1.1.1:53 cache HIT example.com. -> [8.47.69.0 8.6.112.0]
07-17 00:10:39.018 22261 22352 I GoLog   : 2026/07/16 17:10:39.018138 [Debug] [2949853154] proxy/socks: writing back UDP response with 61 bytes
07-17 00:10:39.018 22261 22360 I GoLog   : 2026/07/16 17:10:39.018434 [Info] [2828268545] proxy/socks: TCP Connect request to tcp:162.159.61.3:443
07-17 00:10:39.019 22261 22361 I GoLog   : 2026/07/16 17:10:39.019216 [Info] [2828268545] app/dispatcher: sniffed domain: chrome.cloudflare-dns.com
07-17 00:10:39.019 22261 22361 I GoLog   : 2026/07/16 17:10:39.019223 [Info] [2828268545] app/dispatcher: default route for tcp:chrome.cloudflare-dns.com:443
07-17 00:10:39.019 22261 22361 I GoLog   : 2026/07/16 17:10:39.019226 [Info] [618548745] app/dispatcher: sniffed domain: chrome.cloudflare-dns.com
07-17 00:10:39.019 22261 22361 I GoLog   : 2026/07/16 17:10:39.019229 [Info] [2828268545] transport/internet/tcp: dialing TCP to tcp:144.31.104.124:443
07-17 00:10:39.019 22261 22361 I GoLog   : 2026/07/16 17:10:39.019254 from tcp:127.0.0.1:39004 accepted tcp:162.159.61.3:443 [socks-in >> proxy-out]
07-17 00:10:39.019 22261 22352 I GoLog   : 2026/07/16 17:10:39.019338 [Debug] [2828268545] transport/internet: dialing to tcp:144.31.104.124:443
07-17 00:10:39.019 22261 22352 I GoLog   : 2026/07/16 17:10:39.019348 [Info] [618548745] app/dispatcher: default route for tcp:chrome.cloudflare-dns.com:443
07-17 00:10:39.019 22261 22352 I GoLog   : 2026/07/16 17:10:39.019419 from tcp:127.0.0.1:38996 accepted tcp:162.159.61.3:443 [socks-in >> proxy-out]
07-17 00:10:39.019 22261 22352 I GoLog   : 2026/07/16 17:10:39.019528 [Info] [618548745] transport/internet/tcp: dialing TCP to tcp:144.31.104.124:443
07-17 00:10:39.019 22261 22352 I GoLog   : 2026/07/16 17:10:39.019540 [Debug] [618548745] transport/internet: dialing to tcp:144.31.104.124:443
07-17 00:10:39.022 22261 22358 I GoLog   : 2026/07/16 17:10:39.022489 [Info] [3697180540] proxy/socks: client UDP connection from udp:127.0.0.1:33853
07-17 00:10:39.022 22261 22358 I GoLog   : 2026/07/16 17:10:39.022514 [Debug] [3697180540] proxy/socks: send packet to udp:1.1.1.1:53 with 29 bytes
07-17 00:10:39.022 22261 22358 I GoLog   : 2026/07/16 17:10:39.022518 [Debug] [3697180540] transport/internet/udp: dispatch request to: udp:1.1.1.1:53
07-17 00:10:39.022 22261 22358 I GoLog   : 2026/07/16 17:10:39.022522 [Info] [3697180540] transport/internet/udp: establishing new connection for udp:1.1.1.1:53
07-17 00:10:39.022 22261 22358 I GoLog   : 2026/07/16 17:10:39.022589 [Info] [3697180540] app/dispatcher: taking detour [dns-out] for [udp:1.1.1.1:53]
07-17 00:10:39.022 22261 22358 I GoLog   : 2026/07/16 17:10:39.022613 [Info] [3697180540] proxy/dns: handling DNS traffic to udp:1.1.1.1:53
07-17 00:10:39.022 22261 22358 I GoLog   : 2026/07/16 17:10:39.022639 from udp:127.0.0.1:33853 accepted udp:1.1.1.1:53 [socks-in -> dns-out]
07-17 00:10:39.022 22261 22358 I GoLog   : 2026/07/16 17:10:39.022664 [Info] [3697180540] proxy/dns: rejected type TypeHTTPS query for domain example.com.
