07-17 00:18:06.016 23204 23291 I GoLog   : 2026/07/16 17:18:06.016696 [Info] [857022596] proxy/socks: TCP Connect request to tcp:217.69.139.216:443
07-17 00:18:06.020 23204 23293 I GoLog   : 2026/07/16 17:18:06.020628 [Info] [2990251414] proxy/socks: TCP Connect request to tcp:217.69.139.216:443
07-17 00:18:06.024 23204 23295 I GoLog   : 2026/07/16 17:18:06.023838 [Info] [857022596] app/dispatcher: sniffed domain: e.mail.ru
07-17 00:18:06.024 23204 23295 I GoLog   : 2026/07/16 17:18:06.023897 [Info] [857022596] app/dispatcher: default route for tcp:e.mail.ru:443
07-17 00:18:06.024 23204 23295 I GoLog   : 2026/07/16 17:18:06.023933 [Info] [857022596] transport/internet/tcp: dialing TCP to tcp:144.31.104.124:443
07-17 00:18:06.024 23204 23295 I GoLog   : 2026/07/16 17:18:06.023933 from tcp:127.0.0.1:50474 accepted tcp:217.69.139.216:443 [socks-in >> proxy-out]
07-17 00:18:06.024 23204 23295 I GoLog   : 2026/07/16 17:18:06.023961 [Debug] [857022596] transport/internet: dialing to tcp:144.31.104.124:443
07-17 00:18:06.025 23204 23286 I GoLog   : 2026/07/16 17:18:06.024963 [Info] [2990251414] app/dispatcher: sniffed domain: e.mail.ru
07-17 00:18:06.025 23204 23286 I GoLog   : 2026/07/16 17:18:06.025052 [Info] [2990251414] app/dispatcher: default route for tcp:e.mail.ru:443
07-17 00:18:06.025 23204 23286 I GoLog   : 2026/07/16 17:18:06.025089 [Info] [2990251414] transport/internet/tcp: dialing TCP to tcp:144.31.104.124:443
07-17 00:18:06.025 23204 23286 I GoLog   : 2026/07/16 17:18:06.025117 [Debug] [2990251414] transport/internet: dialing to tcp:144.31.104.124:443
07-17 00:18:06.025 23204 23286 I GoLog   : 2026/07/16 17:18:06.025305 from tcp:127.0.0.1:50490 accepted tcp:217.69.139.216:443 [socks-in >> proxy-out]
07-17 00:18:06.167 23204 23295 I GoLog   : 2026/07/16 17:18:06.167028 [Debug] [3228428444] proxy/socks: send packet to udp:142.251.154.119:443 with 1250 bytes
07-17 00:18:06.167 23204 23295 I GoLog   : 2026/07/16 17:18:06.167226 [Debug] [3228428444] transport/internet/udp: dispatch request to: udp:142.251.154.119:443
07-17 00:18:08.067 23204 23293 I GoLog   : 2026/07/16 17:18:08.065765 [Debug] [3228428444] proxy/socks: send packet to udp:142.251.154.119:443 with 1250 bytes
07-17 00:18:08.067 23204 23293 I GoLog   : 2026/07/16 17:18:08.066170 [Debug] [3228428444] transport/internet/udp: dispatch request to: udp:142.251.154.119:443
07-17 00:18:16.058 23204 23295 I GoLog   : 2026/07/16 17:18:16.058638 [Info] [3130162301] proxy/socks: TCP Connect request to tcp:94.100.180.215:443
07-17 00:18:16.068 23204 23291 I GoLog   : 2026/07/16 17:18:16.068196 [Info] [397438469] proxy/socks: TCP Connect request to tcp:94.100.180.215:443
07-17 00:18:16.071 23204 23295 I GoLog   : 2026/07/16 17:18:16.071497 [Info] [397438469] app/dispatcher: sniffed domain: e.mail.ru
07-17 00:18:16.071 23204 23295 I GoLog   : 2026/07/16 17:18:16.071563 [Info] [397438469] app/dispatcher: default route for tcp:e.mail.ru:443
07-17 00:18:16.071 23204 23295 I GoLog   : 2026/07/16 17:18:16.071604 [Info] [397438469] transport/internet/tcp: dialing TCP to tcp:144.31.104.124:443
07-17 00:18:16.071 23204 23295 I GoLog   : 2026/07/16 17:18:16.071633 [Debug] [397438469] transport/internet: dialing to tcp:144.31.104.124:443
07-17 00:18:16.071 23204 23295 I GoLog   : 2026/07/16 17:18:16.071906 from tcp:127.0.0.1:38742 accepted tcp:94.100.180.215:443 [socks-in >> proxy-out]
07-17 00:18:16.076 23204 23291 I GoLog   : 2026/07/16 17:18:16.076068 [Info] [3130162301] app/dispatcher: sniffed domain: e.mail.ru
07-17 00:18:16.076 23204 23291 I GoLog   : 2026/07/16 17:18:16.076212 [Info] [3130162301] app/dispatcher: default route for tcp:e.mail.ru:443
07-17 00:18:16.076 23204 23291 I GoLog   : 2026/07/16 17:18:16.076260 [Info] [3130162301] transport/internet/tcp: dialing TCP to tcp:144.31.104.124:443
07-17 00:18:16.076 23204 23291 I GoLog   : 2026/07/16 17:18:16.076296 [Debug] [3130162301] transport/internet: dialing to tcp:144.31.104.124:443
07-17 00:18:16.076 23204 23291 I GoLog   : 2026/07/16 17:18:16.076125 from tcp:127.0.0.1:38728 accepted tcp:94.100.180.215:443 [socks-in >> proxy-out]
07-17 00:18:23.813 23204 23293 I GoLog   : 2026/07/16 17:18:23.813132 [Info] [2936233149] transport/internet/udp: failed to handle UDP input > io: read/write on closed pipe
07-17 00:18:23.815 23204 23291 I GoLog   : 2026/07/16 17:18:23.815174 [Info] [195310258] transport/internet/udp: failed to handle UDP input > io: read/write on closed pipe
07-17 00:18:23.817 23204 23293 I GoLog   : 2026/07/16 17:18:23.817576 [Info] [3764677744] transport/internet/udp: failed to handle UDP input > io: read/write on closed pipe
07-17 00:18:23.818 23204 23291 I GoLog   : 2026/07/16 17:18:23.817929 [Info] [3130669770] transport/internet/udp: failed to handle UDP input > io: read/write on closed pipe
07-17 00:18:23.853 23204 23293 I GoLog   : 2026/07/16 17:18:23.852882 [Info] [448419348] transport/internet/udp: failed to handle UDP input > io: read/write on closed pipe
07-17 00:18:23.853 23204 23292 I GoLog   : 2026/07/16 17:18:23.853464 [Info] [4202839491] transport/internet/udp: failed to handle UDP input > io: read/write on closed pipe
07-17 00:18:23.873 23204 23291 I GoLog   : 2026/07/16 17:18:23.873198 [Info] [4157429189] transport/internet/udp: failed to handle UDP input > io: read/write on closed pipe
07-17 00:18:23.873 23204 23291 I GoLog   : 2026/07/16 17:18:23.873323 [Info] [596411551] transport/internet/udp: failed to handle UDP input > io: read/write on closed pipe
07-17 00:18:23.929 23204 23295 I GoLog   : 2026/07/16 17:18:23.929063 [Info] [526434729] proxy/socks: TCP Connect request to tcp:162.159.61.3:443
07-17 00:18:23.933 23204 23292 I GoLog   : 2026/07/16 17:18:23.933668 [Info] [526434729] app/dispatcher: sniffed domain: chrome.cloudflare-dns.com
07-17 00:18:23.936 23204 23292 I GoLog   : 2026/07/16 17:18:23.935846 [Info] [526434729] app/dispatcher: default route for tcp:chrome.cloudflare-dns.com:443
07-17 00:18:23.936 23204 23292 I GoLog   : 2026/07/16 17:18:23.935983 [Info] [526434729] transport/internet/tcp: dialing TCP to tcp:144.31.104.124:443
07-17 00:18:23.936 23204 23292 I GoLog   : 2026/07/16 17:18:23.936328 from tcp:127.0.0.1:46326 accepted tcp:162.159.61.3:443 [socks-in >> proxy-out]
07-17 00:18:23.937 23204 23291 I GoLog   : 2026/07/16 17:18:23.937126 [Debug] [526434729] transport/internet: dialing to tcp:144.31.104.124:443
07-17 00:18:24.091 23204 23291 I GoLog   : 2026/07/16 17:18:24.091024 [Info] [2922619153] transport/internet/udp: failed to handle UDP input > io: read/write on closed pipe
07-17 00:18:24.091 23204 23291 I GoLog   : 2026/07/16 17:18:24.091320 [Info] [293893895] transport/internet/udp: failed to handle UDP input > io: read/write on closed pipe
07-17 00:18:24.166 23204 23292 I GoLog   : 2026/07/16 17:18:24.164173 [Info] [3723672249] transport/internet/udp: failed to handle UDP input > io: read/write on closed pipe
07-17 00:18:24.169 23204 23293 I GoLog   : 2026/07/16 17:18:24.168667 [Info] [75421422] transport/internet/udp: failed to handle UDP input > io: read/write on closed pipe
07-17 00:18:24.185 23204 23292 I GoLog   : 2026/07/16 17:18:24.184853 [Info] [4213375546] transport/internet/udp: failed to handle UDP input > io: read/write on closed pipe
07-17 00:18:24.185 23204 23292 I GoLog   : 2026/07/16 17:18:24.184985 [Info] [3200116346] transport/internet/udp: failed to handle UDP input > io: read/write on closed pipe
07-17 00:18:24.216 23204 23292 I GoLog   : 2026/07/16 17:18:24.216378 [Info] [1628451852] transport/internet/udp: failed to handle UDP input > io: read/write on closed pipe
07-17 00:18:24.220 23204 23292 I GoLog   : 2026/07/16 17:18:24.220416 [Info] [1354781120] transport/internet/udp: failed to handle UDP input > io: read/write on closed pipe
07-17 00:18:24.225 23204 23292 I GoLog   : 2026/07/16 17:18:24.225745 [Info] [2774836135] transport/internet/udp: failed to handle UDP input > io: read/write on closed pipe
07-17 00:18:24.262 23204 23295 I GoLog   : 2026/07/16 17:18:24.262757 [Info] [2555635524] transport/internet/udp: failed to handle UDP input > io: read/write on closed pipe
07-17 00:18:24.263 23204 23286 I GoLog   : 2026/07/16 17:18:24.263284 [Info] [4057414258] transport/internet/udp: failed to handle UDP input > io: read/write on closed pipe
07-17 00:18:24.421 23204 23286 I GoLog   : 2026/07/16 17:18:24.421049 [Info] [1751326837] proxy/socks: TCP Connect request to tcp:87.240.190.75:443
07-17 00:18:24.430 23204 23291 I GoLog   : 2026/07/16 17:18:24.429989 [Info] [1751326837] app/dispatcher: sniffed domain: api.vk.com
07-17 00:18:24.430 23204 23291 I GoLog   : 2026/07/16 17:18:24.430074 [Info] [1751326837] app/dispatcher: default route for tcp:api.vk.com:443
07-17 00:18:24.430 23204 23291 I GoLog   : 2026/07/16 17:18:24.430114 [Info] [1751326837] transport/internet/tcp: dialing TCP to tcp:144.31.104.124:443
07-17 00:18:24.430 23204 23291 I GoLog   : 2026/07/16 17:18:24.430149 [Debug] [1751326837] transport/internet: dialing to tcp:144.31.104.124:443
07-17 00:18:24.430 23204 23291 I GoLog   : 2026/07/16 17:18:24.430625 from tcp:127.0.0.1:46334 accepted tcp:87.240.190.75:443 [socks-in >> proxy-out]
07-17 00:18:24.948 23204 23286 I GoLog   : 2026/07/16 17:18:24.946019 [Info] [441486998] transport/internet/udp: failed to handle UDP input > io: read/write on closed pipe
07-17 00:18:24.949 23204 23286 I GoLog   : 2026/07/16 17:18:24.948387 [Info] [441486998] transport/internet/tcp: dialing TCP to tcp:144.31.104.124:443
07-17 00:18:24.949 23204 23286 I GoLog   : 2026/07/16 17:18:24.948508 [Debug] [441486998] transport/internet: dialing to tcp:144.31.104.124:443
07-17 00:18:25.150 23204 23292 I GoLog   : 2026/07/16 17:18:25.149902 [Info] [441486998] transport/internet/tcp: dialing TCP to tcp:144.31.104.124:443
07-17 00:18:25.150 23204 23292 I GoLog   : 2026/07/16 17:18:25.150031 [Debug] [441486998] transport/internet: dialing to tcp:144.31.104.124:443
07-17 00:18:25.551 23204 23286 I GoLog   : 2026/07/16 17:18:25.551428 [Info] [441486998] transport/internet/tcp: dialing TCP to tcp:144.31.104.124:443
07-17 00:18:25.552 23204 23286 I GoLog   : 2026/07/16 17:18:25.551647 [Debug] [441486998] transport/internet: dialing to tcp:144.31.104.124:443
07-17 00:18:25.896 23204 23286 I GoLog   : 2026/07/16 17:18:25.896185 [Info] [3582057180] transport/internet/udp: failed to handle UDP input > io: read/write on closed pipe
07-17 00:18:25.899 23204 23291 I GoLog   : 2026/07/16 17:18:25.899034 [Info] [118353099] transport/internet/udp: failed to handle UDP input > io: read/write on closed pipe
07-17 00:18:26.152 23204 23292 I GoLog   : 2026/07/16 17:18:26.152470 [Info] [441486998] transport/internet/tcp: dialing TCP to tcp:144.31.104.124:443
07-17 00:18:26.152 23204 23292 I GoLog   : 2026/07/16 17:18:26.152689 [Debug] [441486998] transport/internet: dialing to tcp:144.31.104.124:443
07-17 00:18:26.605 23204 23292 I GoLog   : 2026/07/16 17:18:26.605351 [Info] [2883888704] proxy/socks: client UDP connection from udp:127.0.0.1:34328
07-17 00:18:26.605 23204 23292 I GoLog   : 2026/07/16 17:18:26.605391 [Debug] [2883888704] proxy/socks: send packet to udp:1.1.1.1:53 with 32 bytes
07-17 00:18:26.605 23204 23292 I GoLog   : 2026/07/16 17:18:26.605402 [Debug] [2883888704] transport/internet/udp: dispatch request to: udp:1.1.1.1:53
07-17 00:18:26.605 23204 23292 I GoLog   : 2026/07/16 17:18:26.605410 [Info] [2883888704] transport/internet/udp: establishing new connection for udp:1.1.1.1:53
07-17 00:18:26.605 23204 23292 I GoLog   : 2026/07/16 17:18:26.605577 [Info] [2883888704] app/dispatcher: taking detour [dns-out] for [udp:1.1.1.1:53]
07-17 00:18:26.605 23204 23292 I GoLog   : 2026/07/16 17:18:26.605588 [Info] [2883888704] proxy/dns: handling DNS traffic to udp:1.1.1.1:53
07-17 00:18:26.605 23204 23292 I GoLog   : 2026/07/16 17:18:26.605600 from udp:127.0.0.1:34328 accepted udp:1.1.1.1:53 [socks-in -> dns-out]
07-17 00:18:26.605 23204 23292 I GoLog   : 2026/07/16 17:18:26.605719 [Debug] [2883888704] proxy/socks: writing back UDP response with 32 bytes
07-17 00:18:26.607 23204 23291 I GoLog   : 2026/07/16 17:18:26.607177 [Info] [2825282510] proxy/socks: TCP Connect request to tcp:57.144.113.33:80
07-17 00:18:26.612 23204 23286 I GoLog   : 2026/07/16 17:18:26.612284 [Info] [1524948836] proxy/socks: client UDP connection from udp:127.0.0.1:47287
07-17 00:18:26.612 23204 23286 I GoLog   : 2026/07/16 17:18:26.612374 [Debug] [1524948836] proxy/socks: send packet to udp:1.1.1.1:53 with 32 bytes
07-17 00:18:26.612 23204 23286 I GoLog   : 2026/07/16 17:18:26.612399 [Debug] [1524948836] transport/internet/udp: dispatch request to: udp:1.1.1.1:53
07-17 00:18:26.612 23204 23286 I GoLog   : 2026/07/16 17:18:26.612418 [Info] [1524948836] transport/internet/udp: establishing new connection for udp:1.1.1.1:53
07-17 00:18:26.612 23204 23286 I GoLog   : 2026/07/16 17:18:26.612436 [Info] [1524948836] app/dispatcher: taking detour [dns-out] for [udp:1.1.1.1:53]
07-17 00:18:26.612 23204 23286 I GoLog   : 2026/07/16 17:18:26.612454 [Info] [1524948836] proxy/dns: handling DNS traffic to udp:1.1.1.1:53
07-17 00:18:26.612 23204 23286 I GoLog   : 2026/07/16 17:18:26.612491 [Debug] app/dns: domain g.whatsapp.net will use DNS in order: [UDP:1.1.1.1:53 UDP:1.0.0.1:53]
07-17 00:18:26.612 23204 23286 I GoLog   : 2026/07/16 17:18:26.612506 [Info] app/dns: UDP:1.1.1.1:53 querying DNS for: g.whatsapp.net.
07-17 00:18:26.612 23204 23286 I GoLog   : 2026/07/16 17:18:26.612522 [Debug] transport/internet/udp: dispatch request to: udp:1.1.1.1:53
07-17 00:18:26.612 23204 23286 I GoLog   : 2026/07/16 17:18:26.612313 from udp:127.0.0.1:47287 accepted udp:1.1.1.1:53 [socks-in -> dns-out]
07-17 00:18:26.639 23204 23292 I GoLog   : 2026/07/16 17:18:26.639149 [Info] [2825282510] app/dispatcher: sniffed domain: c.whatsapp.net
07-17 00:18:26.639 23204 23292 I GoLog   : 2026/07/16 17:18:26.639251 [Info] [2825282510] app/dispatcher: default route for tcp:c.whatsapp.net:80
07-17 00:18:26.639 23204 23292 I GoLog   : 2026/07/16 17:18:26.639281 [Info] [2825282510] transport/internet/tcp: dialing TCP to tcp:144.31.104.124:443
07-17 00:18:26.639 23204 23292 I GoLog   : 2026/07/16 17:18:26.639324 [Debug] [2825282510] transport/internet: dialing to tcp:144.31.104.124:443
07-17 00:18:26.640 23204 23292 I GoLog   : 2026/07/16 17:18:26.639483 from tcp:127.0.0.1:46356 accepted tcp:57.144.113.33:80 [socks-in >> proxy-out]
07-17 00:18:26.663 23204 23292 I GoLog   : 2026/07/16 17:18:26.662769 [Info] app/dns: UDP:1.1.1.1:53 got answer: g.whatsapp.net. TypeA -> [57.144.113.33], rtt: 49.863281ms, lock: 15.788µs
07-17 00:18:26.663 23204 23292 I GoLog   : 2026/07/16 17:18:26.663305 [Debug] [1524948836] proxy/socks: writing back UDP response with 48 bytes
07-17 00:18:26.956 23204 23292 I GoLog   : 2026/07/16 17:18:26.955100 [Info] [441486998] app/proxyman/outbound: app/proxyman/outbound: failed to process outbound traffic > proxy/vless/outbound: failed to find an available destination > common/retry: [context canceled dial tcp 144.31.104.124:443: operation was canceled] > common/retry: all retry attempts failed
07-17 00:18:27.729 23204 23292 I GoLog   : 2026/07/16 17:18:27.729150 [Info] [2171852912] proxy/socks: client UDP connection from udp:127.0.0.1:51253
07-17 00:18:27.729 23204 23292 I GoLog   : 2026/07/16 17:18:27.729186 [Debug] [2171852912] proxy/socks: send packet to udp:1.1.1.1:53 with 27 bytes
07-17 00:18:27.729 23204 23292 I GoLog   : 2026/07/16 17:18:27.729195 [Debug] [2171852912] transport/internet/udp: dispatch request to: udp:1.1.1.1:53
07-17 00:18:27.729 23204 23292 I GoLog   : 2026/07/16 17:18:27.729202 [Info] [2171852912] transport/internet/udp: establishing new connection for udp:1.1.1.1:53
07-17 00:18:27.729 23204 23292 I GoLog   : 2026/07/16 17:18:27.729348 [Info] [2171852912] app/dispatcher: taking detour [dns-out] for [udp:1.1.1.1:53]
07-17 00:18:27.729 23204 23292 I GoLog   : 2026/07/16 17:18:27.729356 [Info] [2171852912] proxy/dns: handling DNS traffic to udp:1.1.1.1:53
07-17 00:18:27.729 23204 23292 I GoLog   : 2026/07/16 17:18:27.729367 from udp:127.0.0.1:51253 accepted udp:1.1.1.1:53 [socks-in -> dns-out]
07-17 00:18:27.729 23204 23292 I GoLog   : 2026/07/16 17:18:27.729481 [Debug] [2171852912] proxy/socks: writing back UDP response with 27 bytes
07-17 00:18:27.740 23204 23292 I GoLog   : 2026/07/16 17:18:27.740822 [Info] [293897764] proxy/socks: TCP Connect request to tcp:217.69.139.215:443
07-17 00:18:27.753 23204 23292 I GoLog   : 2026/07/16 17:18:27.753654 [Info] [293897764] app/dispatcher: sniffed domain: e.mail.ru
07-17 00:18:27.754 23204 23292 I GoLog   : 2026/07/16 17:18:27.753740 [Info] [293897764] app/dispatcher: default route for tcp:e.mail.ru:443
07-17 00:18:27.754 23204 23292 I GoLog   : 2026/07/16 17:18:27.753788 [Info] [293897764] transport/internet/tcp: dialing TCP to tcp:144.31.104.124:443
07-17 00:18:27.754 23204 23292 I GoLog   : 2026/07/16 17:18:27.753823 [Debug] [293897764] transport/internet: dialing to tcp:144.31.104.124:443
07-17 00:18:27.754 23204 23292 I GoLog   : 2026/07/16 17:18:27.754154 from tcp:127.0.0.1:46376 accepted tcp:217.69.139.215:443 [socks-in >> proxy-out]
07-17 00:18:27.824 23204 23295 I GoLog   : 2026/07/16 17:18:27.824494 [Info] [2747669028] proxy/socks: TCP Connect request to tcp:217.69.139.215:443
07-17 00:18:27.836 23204 23295 I GoLog   : 2026/07/16 17:18:27.834630 from tcp:127.0.0.1:46382 accepted tcp:217.69.139.215:443 [socks-in >> proxy-out]
07-17 00:18:27.836 23204 23295 I GoLog   : 2026/07/16 17:18:27.834828 [Info] [2747669028] app/dispatcher: sniffed domain: e.mail.ru
07-17 00:18:27.836 23204 23295 I GoLog   : 2026/07/16 17:18:27.834911 [Info] [2747669028] app/dispatcher: default route for tcp:e.mail.ru:443
07-17 00:18:27.836 23204 23295 I GoLog   : 2026/07/16 17:18:27.834986 [Info] [2747669028] transport/internet/tcp: dialing TCP to tcp:144.31.104.124:443
07-17 00:18:27.836 23204 23295 I GoLog   : 2026/07/16 17:18:27.835051 [Debug] [2747669028] transport/internet: dialing to tcp:144.31.104.124:443
07-17 00:18:27.896 23204 23286 I GoLog   : 2026/07/16 17:18:27.895783 [Info] [4137940999] app/proxyman/inbound: connection ends > EOF
07-17 00:18:27.897 23204 23286 I GoLog   : 2026/07/16 17:18:27.896056 [Info] [527189569] app/proxyman/inbound: connection ends > EOF
07-17 00:18:27.897 23204 23286 I GoLog   : 2026/07/16 17:18:27.896132 [Info] [1415342488] app/proxyman/inbound: connection ends > EOF
07-17 00:18:27.897 23204 23286 I GoLog   : 2026/07/16 17:18:27.896318 [Info] [2901581164] app/proxyman/inbound: connection ends > EOF
07-17 00:18:27.897 23204 23286 I GoLog   : 2026/07/16 17:18:27.896428 [Info] [2859520643] app/proxyman/inbound: connection ends > EOF
07-17 00:18:27.897 23204 23286 I GoLog   : 2026/07/16 17:18:27.896498 [Info] [1403134042] app/proxyman/inbound: connection ends > EOF
07-17 00:18:27.897 23204 23286 I GoLog   : 2026/07/16 17:18:27.896565 [Info] [4202839491] app/proxyman/inbound: connection ends > EOF
07-17 00:18:27.897 23204 23286 I GoLog   : 2026/07/16 17:18:27.896633 [Info] [75421422] app/proxyman/inbound: connection ends > EOF
07-17 00:18:27.897 23204 23286 I GoLog   : 2026/07/16 17:18:27.896702 [Info] [2774836135] app/proxyman/inbound: connection ends > EOF
07-17 00:18:27.897 23204 23286 I GoLog   : 2026/07/16 17:18:27.896854 [Info] [3582057180] app/proxyman/inbound: connection ends > EOF
07-17 00:18:27.897 23204 23286 I GoLog   : 2026/07/16 17:18:27.896935 [Info] [3130669770] app/proxyman/inbound: connection ends > EOF
07-17 00:18:27.897 23204 23286 I GoLog   : 2026/07/16 17:18:27.897077 [Info] [4021350725] app/proxyman/inbound: connection ends > EOF
07-17 00:18:27.897 23204 23286 I GoLog   : 2026/07/16 17:18:27.897153 [Info] [1353499382] app/proxyman/inbound: connection ends > EOF
07-17 00:18:27.897 23204 23286 I GoLog   : 2026/07/16 17:18:27.897215 [Info] [719643716] app/proxyman/inbound: connection ends > EOF
07-17 00:18:27.897 23204 23286 I GoLog   : 2026/07/16 17:18:27.897271 [Info] [1639542551] app/proxyman/inbound: connection ends > EOF
07-17 00:18:27.897 23204 23286 I GoLog   : 2026/07/16 17:18:27.897383 [Info] [2067278593] app/proxyman/inbound: connection ends > EOF
07-17 00:18:27.897 23204 23286 I GoLog   : 2026/07/16 17:18:27.897495 [Info] [2429832700] app/proxyman/inbound: connection ends > EOF
07-17 00:18:27.897 23204 23286 I GoLog   : 2026/07/16 17:18:27.897601 [Info] [2460807494] app/proxyman/inbound: connection ends > EOF
07-17 00:18:27.897 23204 23286 I GoLog   : 2026/07/16 17:18:27.897667 [Info] [2160657513] app/proxyman/inbound: connection ends > EOF
07-17 00:18:27.897 23204 23286 I GoLog   : 2026/07/16 17:18:27.897778 [Info] [909063572] app/proxyman/inbound: connection ends > EOF
07-17 00:18:27.898 23204 23286 I GoLog   : 2026/07/16 17:18:27.897852 [Info] [2847321849] app/proxyman/inbound: connection ends > EOF
07-17 00:18:27.898 23204 23286 I GoLog   : 2026/07/16 17:18:27.897960 [Info] [887058365] app/proxyman/inbound: connection ends > EOF
07-17 00:18:27.898 23204 23286 I GoLog   : 2026/07/16 17:18:27.898032 [Info] [3515520167] app/proxyman/inbound: connection ends > EOF
07-17 00:18:27.899 23204 23359 I GoLog   : 2026/07/16 17:18:27.898178 [Info] [448419348] app/proxyman/inbound: connection ends > EOF
07-17 00:18:27.899 23204 23359 I GoLog   : 2026/07/16 17:18:27.898254 [Info] [463273973] app/proxyman/inbound: connection ends > EOF
07-17 00:18:27.899 23204 23359 I GoLog   : 2026/07/16 17:18:27.898316 [Info] [2555635524] app/proxyman/inbound: connection ends > EOF
07-17 00:18:27.899 23204 23359 I GoLog   : 2026/07/16 17:18:27.898717 [Info] [3123995454] app/proxyman/inbound: connection ends > EOF
07-17 00:18:27.899 23204 23359 I GoLog   : 2026/07/16 17:18:27.898808 [Info] [2965941866] app/proxyman/inbound: connection ends > EOF
07-17 00:18:27.899 23204 23359 I GoLog   : 2026/07/16 17:18:27.898872 [Info] [2997299283] app/proxyman/inbound: connection ends > EOF
07-17 00:18:27.899 23204 23359 I GoLog   : 2026/07/16 17:18:27.898985 [Info] [1165571982] app/proxyman/inbound: connection ends > EOF
07-17 00:18:27.899 23204 23359 I GoLog   : 2026/07/16 17:18:27.899052 [Info] [118353099] app/proxyman/inbound: connection ends > EOF
07-17 00:18:27.899 23204 23359 I GoLog   : 2026/07/16 17:18:27.899120 [Info] [1525210205] app/proxyman/inbound: connection ends > EOF
07-17 00:18:27.899 23204 23359 I GoLog   : 2026/07/16 17:18:27.899161 [Info] [3610916502] app/proxyman/inbound: connection ends > EOF
07-17 00:18:27.899 23204 23359 I GoLog   : 2026/07/16 17:18:27.899285 [Info] [3233486011] app/proxyman/inbound: connection ends > EOF
07-17 00:18:27.899 23204 23359 I GoLog   : 2026/07/16 17:18:27.899324 [Info] [3358365575] app/proxyman/inbound: connection ends > EOF
07-17 00:18:27.899 23204 23359 I GoLog   : 2026/07/16 17:18:27.899407 [Info] [596411551] app/proxyman/inbound: connection ends > EOF
07-17 00:18:27.900 23204 23292 I GoLog   : 2026/07/16 17:18:27.899560 [Info] [1864113648] app/proxyman/inbound: connection ends > EOF
07-17 00:18:27.900 23204 23292 I GoLog   : 2026/07/16 17:18:27.899711 [Info] [3764677744] app/proxyman/inbound: connection ends > EOF
07-17 00:18:27.900 23204 23292 I GoLog   : 2026/07/16 17:18:27.899867 [Info] [326148651] app/proxyman/inbound: connection ends > EOF
07-17 00:18:27.900 23204 23292 I GoLog   : 2026/07/16 17:18:27.899930 [Info] [868105404] app/proxyman/inbound: connection ends > EOF
07-17 00:18:27.900 23204 23292 I GoLog   : 2026/07/16 17:18:27.899978 [Info] [2868168200] app/proxyman/inbound: connection ends > EOF
07-17 00:18:27.900 23204 23292 I GoLog   : 2026/07/16 17:18:27.900014 [Info] [2936233149] app/proxyman/inbound: connection ends > EOF
07-17 00:18:27.900 23204 23292 I GoLog   : 2026/07/16 17:18:27.900045 [Info] [195310258] app/proxyman/inbound: connection ends > EOF
07-17 00:18:27.900 23204 23292 I GoLog   : 2026/07/16 17:18:27.900078 [Info] [2570228857] app/proxyman/inbound: connection ends > EOF
07-17 00:18:27.900 23204 23292 I GoLog   : 2026/07/16 17:18:27.900157 [Info] [3234261190] app/proxyman/inbound: connection ends > EOF
07-17 00:18:27.900 23204 23292 I GoLog   : 2026/07/16 17:18:27.900217 [Info] [4128796137] app/proxyman/inbound: connection ends > EOF
07-17 00:18:27.900 23204 23292 I GoLog   : 2026/07/16 17:18:27.900289 [Info] [2922619153] app/proxyman/inbound: connection ends > EOF
07-17 00:18:27.900 23204 23292 I GoLog   : 2026/07/16 17:18:27.900417 [Info] [1354781120] app/proxyman/inbound: connection ends > EOF
07-17 00:18:27.900 23204 23292 I GoLog   : 2026/07/16 17:18:27.900530 [Info] [4057414258] app/proxyman/inbound: connection ends > EOF
07-17 00:18:27.900 23204 23292 I GoLog   : 2026/07/16 17:18:27.900571 [Info] [1709080862] app/proxyman/inbound: connection ends > EOF
07-17 00:18:27.900 23204 23359 I GoLog   : 2026/07/16 17:18:27.900662 [Info] [4213375546] app/proxyman/inbound: connection ends > EOF
07-17 00:18:27.900 23204 23359 I GoLog   : 2026/07/16 17:18:27.900719 [Info] [119214856] app/proxyman/inbound: connection ends > EOF
07-17 00:18:27.900 23204 23359 I GoLog   : 2026/07/16 17:18:27.900755 [Info] [2601245667] app/proxyman/inbound: connection ends > EOF
07-17 00:18:27.900 23204 23359 I GoLog   : 2026/07/16 17:18:27.900788 [Info] [1655825938] app/proxyman/inbound: connection ends > EOF
07-17 00:18:27.900 23204 23292 I GoLog   : 2026/07/16 17:18:27.900889 [Info] [4157429189] app/proxyman/inbound: connection ends > EOF
07-17 00:18:27.901 23204 23292 I GoLog   : 2026/07/16 17:18:27.900936 [Info] [1628451852] app/proxyman/inbound: connection ends > EOF
07-17 00:18:27.901 23204 23292 I GoLog   : 2026/07/16 17:18:27.900996 [Info] [3218862180] app/proxyman/inbound: connection ends > EOF
07-17 00:18:27.901 23204 23292 I GoLog   : 2026/07/16 17:18:27.901036 [Info] [3821956681] app/proxyman/inbound: connection ends > EOF
07-17 00:18:27.901 23204 23292 I GoLog   : 2026/07/16 17:18:27.901070 [Info] [3200116346] app/proxyman/inbound: connection ends > EOF
07-17 00:18:27.901 23204 23292 I GoLog   : 2026/07/16 17:18:27.901159 [Info] [360986459] app/proxyman/inbound: connection ends > EOF
07-17 00:18:27.901 23204 23295 I GoLog   : 2026/07/16 17:18:27.901304 [Info] [2929161515] app/proxyman/inbound: connection ends > EOF
07-17 00:18:27.901 23204 23295 I GoLog   : 2026/07/16 17:18:27.901359 [Info] [22376963] app/proxyman/inbound: connection ends > EOF
07-17 00:18:27.901 23204 23295 I GoLog   : 2026/07/16 17:18:27.901429 [Info] [3471528493] app/proxyman/inbound: connection ends > EOF
07-17 00:18:27.902 23204 23292 I GoLog   : 2026/07/16 17:18:27.901659 [Info] [3723672249] app/proxyman/inbound: connection ends > EOF
07-17 00:18:27.902 23204 23292 I GoLog   : 2026/07/16 17:18:27.902376 [Info] [293893895] app/proxyman/inbound: connection ends > EOF
07-17 00:18:27.938 23204 23291 I GoLog   : 2026/07/16 17:18:27.938672 [Info] [266308256] transport/internet/udp: failed to handle UDP input > io: read/write on closed pipe
07-17 00:18:27.942 23204 23291 I GoLog   : 2026/07/16 17:18:27.942143 [Info] [3735296301] transport/internet/udp: failed to handle UDP input > io: read/write on closed pipe
07-17 00:18:28.125 23204 23291 I GoLog   : 2026/07/16 17:18:28.123996 [Info] [2934093686] transport/internet/udp: failed to handle UDP input > io: read/write on closed pipe
07-17 00:18:28.128 23204 23291 I GoLog   : 2026/07/16 17:18:28.126953 [Info] [803147688] transport/internet/udp: failed to handle UDP input > io: read/write on closed pipe
07-17 00:18:30.030 23204 23292 I GoLog   : 2026/07/16 17:18:30.030012 [Info] [3921035679] transport/internet/udp: failed to handle UDP input > io: read/write on closed pipe
07-17 00:18:31.065 23204 23291 I GoLog   : 2026/07/16 17:18:31.065123 [Info] [551074319] transport/internet/udp: failed to handle UDP input > io: read/write on closed pipe
07-17 00:18:31.072 23204 23291 I GoLog   : 2026/07/16 17:18:31.072793 [Info] [2854732451] transport/internet/udp: failed to handle UDP input > io: read/write on closed pipe
07-17 00:18:31.684 23204 23291 I GoLog   : 2026/07/16 17:18:31.684270 [Info] [1830769789] transport/internet/udp: failed to handle UDP input > io: read/write on closed pipe
07-17 00:18:31.802 23204 23291 I GoLog   : 2026/07/16 17:18:31.802614 [Debug] app/log: Logger closing
07-17 00:18:40.111  5841  5841 I GoLog   : Loading core config
07-17 00:18:40.111  5841 15300 I GoLog   : Preparing Domain: 144.31.104.124:443
07-17 00:18:40.120  5841 15300 I GoLog   : Prepare Result:
07-17 00:18:40.120  5841 15300 I GoLog   :  Domain: 144.31.104.124
07-17 00:18:40.120  5841 15300 I GoLog   :  Port: 443
07-17 00:18:40.120  5841 15300 I GoLog   :  IPs: [144.31.104.124]
07-17 00:18:40.415  5841  5841 I GoLog   : Creating new core instance
07-17 00:18:40.471  5841  5841 I GoLog   : Starting core
07-17 00:18:40.477  5841 15300 I GoLog   : [Warning] core: Xray 25.3.31 started
07-17 00:18:40.637  5841 15300 I GoLog   : from udp:127.0.0.1:59793 accepted udp:1.1.1.1:53 [socks -> proxy]
07-17 00:18:40.657  5841 31935 I GoLog   : from tcp:127.0.0.1:56134 accepted tcp:144.31.104.124:443 [socks -> proxy]
07-17 00:18:40.658  5841 31950 I GoLog   : from tcp:127.0.0.1:56150 accepted tcp:144.31.104.124:443 [socks -> proxy]
07-17 00:18:40.660  5841 31958 I GoLog   : from tcp:127.0.0.1:56170 accepted tcp:144.31.104.124:443 [socks -> proxy]
07-17 00:18:40.660  5841 31958 I GoLog   : from tcp:127.0.0.1:56152 accepted tcp:144.31.104.124:443 [socks -> proxy]
07-17 00:18:40.660  5841 31958 I GoLog   : from tcp:127.0.0.1:56158 accepted tcp:144.31.104.124:443 [socks -> proxy]
07-17 00:18:40.660  5841 31958 I GoLog   : from tcp:127.0.0.1:56216 accepted tcp:144.31.104.124:443 [socks -> proxy]
07-17 00:18:40.660  5841 31958 I GoLog   : from tcp:127.0.0.1:56118 accepted tcp:144.31.104.124:443 [socks -> proxy]
07-17 00:18:40.660  5841 31958 I GoLog   : from tcp:127.0.0.1:56204 accepted tcp:144.31.104.124:443 [socks -> proxy]
07-17 00:18:40.660  5841 31958 I GoLog   : from tcp:127.0.0.1:56194 accepted tcp:144.31.104.124:443 [socks -> proxy]
07-17 00:18:40.667  5841 31934 I GoLog   : from tcp:127.0.0.1:56186 accepted tcp:144.31.104.124:443 [socks -> proxy]
07-17 00:18:40.667  5841 31934 I GoLog   : from tcp:127.0.0.1:56268 accepted tcp:144.31.104.124:443 [socks -> proxy]
07-17 00:18:40.667  5841 31934 I GoLog   : from tcp:127.0.0.1:56230 accepted tcp:144.31.104.124:443 [socks -> proxy]
07-17 00:18:40.667  5841 31934 I GoLog   : from tcp:127.0.0.1:56324 accepted tcp:144.31.104.124:443 [socks -> proxy]
07-17 00:18:40.667  5841 31934 I GoLog   : from tcp:127.0.0.1:56326 accepted tcp:144.31.104.124:443 [socks -> proxy]
07-17 00:18:40.667  5841 31934 I GoLog   : from tcp:127.0.0.1:56330 accepted tcp:144.31.104.124:443 [socks -> proxy]
07-17 00:18:40.667  5841 31934 I GoLog   : from tcp:127.0.0.1:56298 accepted tcp:144.31.104.124:443 [socks -> proxy]
07-17 00:18:40.667  5841 31934 I GoLog   : from tcp:127.0.0.1:56310 accepted tcp:144.31.104.124:443 [socks -> proxy]
07-17 00:18:40.667  5841 31934 I GoLog   : from tcp:127.0.0.1:56260 accepted tcp:144.31.104.124:443 [socks -> proxy]
07-17 00:18:40.667  5841 31934 I GoLog   : from tcp:127.0.0.1:56484 accepted tcp:1.1.1.1:853 [socks -> proxy]
07-17 00:18:40.667  5841 31934 I GoLog   : from tcp:127.0.0.1:56464 accepted tcp:144.31.104.124:443 [socks -> proxy]
07-17 00:18:40.667  5841 31934 I GoLog   : from tcp:127.0.0.1:56360 accepted tcp:144.31.104.124:443 [socks -> proxy]
07-17 00:18:40.667  5841 31934 I GoLog   : from tcp:127.0.0.1:56250 accepted tcp:144.31.104.124:443 [socks -> proxy]
07-17 00:18:40.667  5841 31934 I GoLog   : from tcp:127.0.0.1:56442 accepted tcp:144.31.104.124:443 [socks -> proxy]
07-17 00:18:40.667  5841 31934 I GoLog   : from tcp:127.0.0.1:56102 accepted tcp:144.31.104.124:443 [socks -> proxy]
07-17 00:18:40.667  5841 31934 I GoLog   : from tcp:127.0.0.1:56242 accepted tcp:144.31.104.124:443 [socks -> proxy]
07-17 00:18:40.667  5841 31934 I GoLog   : from tcp:127.0.0.1:56344 accepted tcp:144.31.104.124:443 [socks -> proxy]
07-17 00:18:40.670  5841 30112 I GoLog   : from tcp:127.0.0.1:56462 accepted tcp:144.31.104.124:443 [socks -> proxy]
07-17 00:18:40.670  5841 30112 I GoLog   : from tcp:127.0.0.1:56470 accepted tcp:144.31.104.124:443 [socks -> proxy]
07-17 00:18:40.670  5841 30112 I GoLog   : from tcp:127.0.0.1:56448 accepted tcp:144.31.104.124:443 [socks -> proxy]
07-17 00:18:40.670  5841 30112 I GoLog   : from tcp:127.0.0.1:56422 accepted tcp:144.31.104.124:443 [socks -> proxy]
07-17 00:18:40.670  5841 30112 I GoLog   : from tcp:127.0.0.1:56480 accepted tcp:144.31.104.124:443 [socks -> proxy]
07-17 00:18:40.672  5841 31910 I GoLog   : from tcp:127.0.0.1:56408 accepted tcp:144.31.104.124:443 [socks -> proxy]
07-17 00:18:40.672  5841 31910 I GoLog   : from tcp:127.0.0.1:56438 accepted tcp:144.31.104.124:443 [socks -> proxy]
07-17 00:18:40.672  5841 31910 I GoLog   : from tcp:127.0.0.1:56424 accepted tcp:144.31.104.124:443 [socks -> proxy]
07-17 00:18:40.672  5841 31910 I GoLog   : from tcp:127.0.0.1:56412 accepted tcp:144.31.104.124:443 [socks -> proxy]
07-17 00:18:40.674  5841 31942 I GoLog   : from tcp:127.0.0.1:56228 accepted tcp:144.31.104.124:443 [socks -> proxy]
07-17 00:18:40.674  5841 31942 I GoLog   : from tcp:127.0.0.1:56392 accepted tcp:144.31.104.124:443 [socks -> proxy]
07-17 00:18:40.674  5841 31942 I GoLog   : from tcp:127.0.0.1:56382 accepted tcp:144.31.104.124:443 [socks -> proxy]
07-17 00:18:40.674  5841 31942 I GoLog   : from tcp:127.0.0.1:56086 accepted tcp:144.31.104.124:443 [socks -> proxy]
07-17 00:18:40.674  5841 31942 I GoLog   : from tcp:127.0.0.1:56576 accepted tcp:144.31.104.124:443 [socks -> proxy]
07-17 00:18:40.674  5841 31942 I GoLog   : from tcp:127.0.0.1:56372 accepted tcp:144.31.104.124:443 [socks -> proxy]
07-17 00:18:40.674  5841 31942 I GoLog   : from tcp:127.0.0.1:56580 accepted tcp:144.31.104.124:443 [socks -> proxy]
07-17 00:18:40.677  5841 31966 I GoLog   : from tcp:127.0.0.1:56082 accepted tcp:144.31.104.124:443 [socks -> proxy]
07-17 00:18:40.677  5841 31966 I GoLog   : from tcp:127.0.0.1:56562 accepted tcp:144.31.104.124:443 [socks -> proxy]
07-17 00:18:40.679  5841 31966 I GoLog   : from tcp:127.0.0.1:56558 accepted tcp:144.31.104.124:443 [socks -> proxy]
07-17 00:18:40.680  5841 31905 I GoLog   : from tcp:127.0.0.1:56494 accepted tcp:144.31.104.124:443 [socks -> proxy]
07-17 00:18:40.681  5841 31933 I GoLog   : from tcp:127.0.0.1:56600 accepted tcp:144.31.104.124:443 [socks -> proxy]
07-17 00:18:40.682  5841 31944 I GoLog   : from tcp:127.0.0.1:56518 accepted tcp:144.31.104.124:443 [socks -> proxy]
07-17 00:18:40.686  5841 31944 I GoLog   : from tcp:127.0.0.1:56588 accepted tcp:144.31.104.124:443 [socks -> proxy]
07-17 00:18:40.688  5841 23905 I GoLog   : from tcp:127.0.0.1:56506 accepted tcp:144.31.104.124:443 [socks -> proxy]
07-17 00:18:40.688  5841 23905 I GoLog   : from tcp:127.0.0.1:56284 accepted tcp:144.31.104.124:443 [socks -> proxy]
07-17 00:18:40.688  5841 23905 I GoLog   : from tcp:127.0.0.1:56592 accepted tcp:144.31.104.124:443 [socks -> proxy]
07-17 00:18:40.690  5841 23904 I GoLog   : from tcp:127.0.0.1:56488 accepted tcp:144.31.104.124:443 [socks -> proxy]
07-17 00:18:40.691  5841 23905 I GoLog   : from tcp:127.0.0.1:56602 accepted tcp:144.31.104.124:443 [socks -> proxy]
07-17 00:18:40.692  5841 23909 I GoLog   : from tcp:127.0.0.1:56552 accepted tcp:144.31.104.124:443 [socks -> proxy]
07-17 00:18:40.694  5841 23908 I GoLog   : from tcp:127.0.0.1:56500 accepted tcp:144.31.104.124:443 [socks -> proxy]
07-17 00:18:40.695  5841 23909 I GoLog   : from tcp:127.0.0.1:56524 accepted tcp:144.31.104.124:443 [socks -> proxy]
07-17 00:18:40.695  5841 23911 I GoLog   : from tcp:127.0.0.1:56538 accepted tcp:144.31.104.124:443 [socks -> proxy]
07-17 00:18:40.728  5841 15442 I GoLog   : Using Prepared: 144.31.104.124
07-17 00:18:40.742  5841 31950 I GoLog   : Using Prepared: 144.31.104.124
07-17 00:18:40.746  5841 31936 I GoLog   : Using Prepared: 144.31.104.124
07-17 00:18:40.746  5841 31935 I GoLog   : Using Prepared: 144.31.104.124
07-17 00:18:40.747  5841 31937 I GoLog   : Using Prepared: 144.31.104.124
07-17 00:18:40.747  5841 15286 I GoLog   : Using Prepared: 144.31.104.124
07-17 00:18:40.748  5841 30083 I GoLog   : Using Prepared: 144.31.104.124
07-17 00:18:40.748  5841 15300 I GoLog   : Using Prepared: 144.31.104.124
07-17 00:18:40.748  5841 15208 I GoLog   : Using Prepared: 144.31.104.124
07-17 00:18:40.751  5841 15264 I GoLog   : Using Prepared: 144.31.104.124
07-17 00:18:40.751  5841 15211 I GoLog   : fdConn FileConn Close Fd: 187 Err: file file+net Socket: setnonblock: bad file descriptor
07-17 00:18:40.751  5841 30082 I GoLog   : Using Prepared: 144.31.104.124
07-17 00:18:40.751  5841 31943 I GoLog   : Using Prepared: 144.31.104.124
07-17 00:18:40.751  5841 31904 I GoLog   : Using Prepared: 144.31.104.124
07-17 00:18:40.751  5841 15211 I GoLog   : switched to next IP: 144.31.104.124
07-17 00:18:40.752  5841 15264 I GoLog   : Using Prepared: 144.31.104.124
07-17 00:18:40.752  5841 31904 I GoLog   : Using Prepared: 144.31.104.124
07-17 00:18:40.752  5841 31904 I GoLog   : Using Prepared: 144.31.104.124
07-17 00:18:40.752  5841 15264 I GoLog   : Using Prepared: 144.31.104.124
07-17 00:18:40.753  5841 31963 I GoLog   : Using Prepared: 144.31.104.124
07-17 00:18:40.753  5841 31962 I GoLog   : Using Prepared: 144.31.104.124
07-17 00:18:40.753  5841 30082 I GoLog   : Using Prepared: 144.31.104.124
07-17 00:18:40.753  5841 15264 I GoLog   : fdConn FileConn Close Fd: 186 Err: file file+net Socket: bad file descriptor
07-17 00:18:40.754  5841 15264 I GoLog   : switched to next IP: 144.31.104.124
07-17 00:18:40.754  5841 31943 I GoLog   : Using Prepared: 144.31.104.124
07-17 00:18:40.757  5841 31960 I GoLog   : Using Prepared: 144.31.104.124
07-17 00:18:40.757  5841 30077 I GoLog   : fdConn FileConn Close Fd: 196 Err: file file+net Socket: getsockopt: bad file descriptor
07-17 00:18:40.757  5841 30105 I GoLog   : Using Prepared: 144.31.104.124
07-17 00:18:40.757  5841 30077 I GoLog   : switched to next IP: 144.31.104.124
07-17 00:18:40.758  5841 30107 I GoLog   : Using Prepared: 144.31.104.124
07-17 00:18:40.758  5841 31957 I GoLog   : Using Prepared: 144.31.104.124
07-17 00:18:40.758  5841 31943 I GoLog   : Using Prepared: 144.31.104.124
07-17 00:18:40.758  5841 31910 I GoLog   : Using Prepared: 144.31.104.124
07-17 00:18:40.758  5841 30107 I GoLog   : Using Prepared: 144.31.104.124
07-17 00:18:40.759  5841 30107 I GoLog   : Using Prepared: 144.31.104.124
07-17 00:18:40.760  5841 30107 I GoLog   : Using Prepared: 144.31.104.124
07-17 00:18:40.762  5841 31912 I GoLog   : Using Prepared: 144.31.104.124
07-17 00:18:40.763  5841 31910 I GoLog   : Using Prepared: 144.31.104.124
07-17 00:18:40.763  5841 31957 I GoLog   : Using Prepared: 144.31.104.124
07-17 00:18:40.763  5841 31960 I GoLog   : Using Prepared: 144.31.104.124
07-17 00:18:40.763  5841 31912 I GoLog   : Using Prepared: 144.31.104.124
07-17 00:18:40.764  5841 31904 I GoLog   : Using Prepared: 144.31.104.124
07-17 00:18:40.765  5841 31949 I GoLog   : Using Prepared: 144.31.104.124
07-17 00:18:40.765  5841 31960 I GoLog   : Using Prepared: 144.31.104.124
07-17 00:18:40.767  5841 31949 I GoLog   : Using Prepared: 144.31.104.124
07-17 00:18:40.770  5841 31910 I GoLog   : Using Prepared: 144.31.104.124
07-17 00:18:40.771  5841 31957 I GoLog   : Using Prepared: 144.31.104.124
07-17 00:18:40.772  5841 31904 I GoLog   : Using Prepared: 144.31.104.124
07-17 00:18:40.772  5841 31964 I GoLog   : Using Prepared: 144.31.104.124
07-17 00:18:40.773  5841 31949 I GoLog   : Using Prepared: 144.31.104.124
07-17 00:18:40.773  5841 31964 I GoLog   : Using Prepared: 144.31.104.124
07-17 00:18:40.774  5841 31964 I GoLog   : Using Prepared: 144.31.104.124
07-17 00:18:40.774  5841 31964 I GoLog   : Using Prepared: 144.31.104.124
07-17 00:18:40.775  5841 31949 I GoLog   : Using Prepared: 144.31.104.124
07-17 00:18:40.778  5841 31910 I GoLog   : Using Prepared: 144.31.104.124
07-17 00:18:40.780  5841 31904 I GoLog   : Using Prepared: 144.31.104.124
07-17 00:18:40.782  5841 31957 I GoLog   : Using Prepared: 144.31.104.124
07-17 00:18:40.783  5841 31949 I GoLog   : Using Prepared: 144.31.104.124
07-17 00:18:40.784  5841 31957 I GoLog   : Using Prepared: 144.31.104.124
07-17 00:18:40.785  5841 31904 I GoLog   : Using Prepared: 144.31.104.124
07-17 00:18:40.786  5841 31949 I GoLog   : Using Prepared: 144.31.104.124
07-17 00:18:40.793  5841 23907 I GoLog   : from tcp:127.0.0.1:56622 accepted tcp:144.31.104.124:443 [socks -> proxy]
07-17 00:18:40.793  5841 23907 I GoLog   : from tcp:127.0.0.1:56612 accepted tcp:144.31.104.124:443 [socks -> proxy]
07-17 00:18:40.793  5841 23907 I GoLog   : from tcp:127.0.0.1:56710 accepted tcp:144.31.104.124:443 [socks -> proxy]
07-17 00:18:40.793  5841 23907 I GoLog   : from tcp:127.0.0.1:56696 accepted tcp:144.31.104.124:443 [socks -> proxy]
07-17 00:18:40.793  5841 23907 I GoLog   : from tcp:127.0.0.1:56680 accepted tcp:144.31.104.124:443 [socks -> proxy]
07-17 00:18:40.794  5841 31952 I GoLog   : from tcp:127.0.0.1:56768 accepted tcp:144.31.104.124:443 [socks -> proxy]
07-17 00:18:40.794  5841 31952 I GoLog   : from tcp:127.0.0.1:56668 accepted tcp:144.31.104.124:443 [socks -> proxy]
07-17 00:18:40.795  5841 31952 I GoLog   : from tcp:127.0.0.1:56672 accepted tcp:144.31.104.124:443 [socks -> proxy]
07-17 00:18:40.801  5841 31960 I GoLog   : from tcp:127.0.0.1:56656 accepted tcp:144.31.104.124:443 [socks -> proxy]
07-17 00:18:40.801  5841 31960 I GoLog   : from tcp:127.0.0.1:56760 accepted tcp:144.31.104.124:443 [socks -> proxy]
07-17 00:18:40.801  5841 31960 I GoLog   : from tcp:127.0.0.1:56698 accepted tcp:144.31.104.124:443 [socks -> proxy]
07-17 00:18:40.801  5841 31960 I GoLog   : from tcp:127.0.0.1:56744 accepted tcp:144.31.104.124:443 [socks -> proxy]
07-17 00:18:40.801  5841 31960 I GoLog   : from tcp:127.0.0.1:56812 accepted tcp:144.31.104.124:443 [socks -> proxy]
07-17 00:18:40.802  5841 31933 I GoLog   : from tcp:127.0.0.1:56648 accepted tcp:144.31.104.124:443 [socks -> proxy]
07-17 00:18:40.806  5841 31933 I GoLog   : from tcp:127.0.0.1:56632 accepted tcp:144.31.104.124:443 [socks -> proxy]
07-17 00:18:40.806  5841 31933 I GoLog   : from tcp:127.0.0.1:56738 accepted tcp:144.31.104.124:443 [socks -> proxy]
07-17 00:18:40.808  5841 31905 I GoLog   : from tcp:127.0.0.1:56796 accepted tcp:144.31.104.124:443 [socks -> proxy]
07-17 00:18:40.811  5841 31947 I GoLog   : from tcp:127.0.0.1:56770 accepted tcp:144.31.104.124:443 [socks -> proxy]
07-17 00:18:40.813  5841 31951 I GoLog   : from tcp:127.0.0.1:56704 accepted tcp:144.31.104.124:443 [socks -> proxy]
07-17 00:18:40.813  5841 31951 I GoLog   : from tcp:127.0.0.1:56724 accepted tcp:144.31.104.124:443 [socks -> proxy]
07-17 00:18:40.813  5841 31951 I GoLog   : from tcp:127.0.0.1:56788 accepted tcp:144.31.104.124:443 [socks -> proxy]
07-17 00:18:40.816  5841 31942 I GoLog   : from tcp:127.0.0.1:56712 accepted tcp:144.31.104.124:443 [socks -> proxy]
07-17 00:18:40.818  5841 31961 I GoLog   : from tcp:127.0.0.1:56894 accepted tcp:144.31.104.124:443 [socks -> proxy]
07-17 00:18:40.819  5841 31951 I GoLog   : from tcp:127.0.0.1:56886 accepted tcp:144.31.104.124:443 [socks -> proxy]
07-17 00:18:40.820  5841 15280 I GoLog   : from tcp:127.0.0.1:56786 accepted tcp:144.31.104.124:443 [socks -> proxy]
07-17 00:18:40.820  5841 15280 I GoLog   : from tcp:127.0.0.1:56836 accepted tcp:144.31.104.124:443 [socks -> proxy]
07-17 00:18:40.822  5841 31942 I GoLog   : from tcp:127.0.0.1:57018 accepted tcp:144.31.104.124:443 [socks -> proxy]
07-17 00:18:40.825  5841 31942 I GoLog   : from tcp:127.0.0.1:56872 accepted tcp:144.31.104.124:443 [socks -> proxy]
07-17 00:18:40.826  5841 30106 I GoLog   : from tcp:127.0.0.1:57010 accepted tcp:144.31.104.124:443 [socks -> proxy]
07-17 00:18:40.826  5841 30111 I GoLog   : from tcp:127.0.0.1:56822 accepted tcp:144.31.104.124:443 [socks -> proxy]
07-17 00:18:40.827  5841 30106 I GoLog   : from tcp:127.0.0.1:56972 accepted tcp:144.31.104.124:443 [socks -> proxy]
07-17 00:18:40.831  5841 30106 I GoLog   : from tcp:127.0.0.1:56994 accepted tcp:144.31.104.124:443 [socks -> proxy]
07-17 00:18:40.832  5841 30109 I GoLog   : from tcp:127.0.0.1:56864 accepted tcp:144.31.104.124:443 [socks -> proxy]
07-17 00:18:40.838  5841 30082 I GoLog   : from tcp:127.0.0.1:56936 accepted tcp:144.31.104.124:443 [socks -> proxy]
07-17 00:18:40.838  5841 30082 I GoLog   : from tcp:127.0.0.1:56982 accepted tcp:144.31.104.124:443 [socks -> proxy]
07-17 00:18:40.838  5841 30082 I GoLog   : from tcp:127.0.0.1:56970 accepted tcp:144.31.104.124:443 [socks -> proxy]
07-17 00:18:40.838  5841 30082 I GoLog   : from tcp:127.0.0.1:56852 accepted tcp:144.31.104.124:443 [socks -> proxy]
07-17 00:18:40.843  5841 15210 I GoLog   : from tcp:127.0.0.1:56930 accepted tcp:144.31.104.124:443 [socks -> proxy]
07-17 00:18:40.843  5841 15210 I GoLog   : from tcp:127.0.0.1:56910 accepted tcp:144.31.104.124:443 [socks -> proxy]
07-17 00:18:40.845  5841 15210 I GoLog   : from tcp:127.0.0.1:56850 accepted tcp:144.31.104.124:443 [socks -> proxy]
07-17 00:18:40.847  5841 31962 I GoLog   : Using Prepared: 144.31.104.124
07-17 00:18:40.847  5841 15210 I GoLog   : Using Prepared: 144.31.104.124
07-17 00:18:40.848  5841 15211 I GoLog   : Using Prepared: 144.31.104.124
07-17 00:18:40.848  5841 30112 I GoLog   : from tcp:127.0.0.1:57068 accepted tcp:144.31.104.124:443 [socks -> proxy]
07-17 00:18:40.848  5841 30112 I GoLog   : from tcp:127.0.0.1:56916 accepted tcp:144.31.104.124:443 [socks -> proxy]
07-17 00:18:40.849  5841 15211 I GoLog   : from tcp:127.0.0.1:56838 accepted tcp:144.31.104.124:443 [socks -> proxy]
07-17 00:18:40.849  5841 15211 I GoLog   : from tcp:127.0.0.1:57052 accepted tcp:144.31.104.124:443 [socks -> proxy]
07-17 00:18:40.856  5841 31935 I GoLog   : from tcp:127.0.0.1:57042 accepted tcp:144.31.104.124:443 [socks -> proxy]
07-17 00:18:40.856  5841 31935 I GoLog   : from tcp:127.0.0.1:56956 accepted tcp:144.31.104.124:443 [socks -> proxy]
07-17 00:18:40.856  5841 31935 I GoLog   : from tcp:127.0.0.1:57036 accepted tcp:144.31.104.124:443 [socks -> proxy]
07-17 00:18:40.857  5841 30083 I GoLog   : Using Prepared: 144.31.104.124
07-17 00:18:40.857  5841 31912 I GoLog   : from tcp:127.0.0.1:57028 accepted tcp:144.31.104.124:443 [socks -> proxy]
07-17 00:18:40.857  5841 31912 I GoLog   : from tcp:127.0.0.1:56950 accepted tcp:144.31.104.124:443 [socks -> proxy]
07-17 00:18:40.860  5841 31950 I GoLog   : from tcp:127.0.0.1:57020 accepted tcp:144.31.104.124:443 [socks -> proxy]
07-17 00:18:40.865  5841 31936 I GoLog   : from tcp:127.0.0.1:56942 accepted tcp:144.31.104.124:443 [socks -> proxy]
07-17 00:18:40.872  5841 31936 I GoLog   : from tcp:127.0.0.1:57040 accepted tcp:144.31.104.124:443 [socks -> proxy]
07-17 00:18:40.880  5841 31904 I GoLog   : Using Prepared: 144.31.104.124
07-17 00:18:40.880  5841 31943 I GoLog   : Using Prepared: 144.31.104.124
07-17 00:18:40.880  5841 31946 I GoLog   : Using Prepared: 144.31.104.124
07-17 00:18:40.883  5841 23907 I GoLog   : Using Prepared: 144.31.104.124
07-17 00:18:40.886  5841 23909 I GoLog   : Using Prepared: 144.31.104.124
07-17 00:18:40.886  5841 31949 I GoLog   : Using Prepared: 144.31.104.124
07-17 00:18:40.888  5841 31910 I GoLog   : Using Prepared: 144.31.104.124
07-17 00:18:40.889  5841 23904 I GoLog   : Using Prepared: 144.31.104.124
07-17 00:18:40.889  5841 23908 I GoLog   : Using Prepared: 144.31.104.124
07-17 00:18:40.891  5841 23906 I GoLog   : Using Prepared: 144.31.104.124
07-17 00:18:40.891  5841 31960 I GoLog   : Using Prepared: 144.31.104.124
07-17 00:18:40.891  5841 31960 I GoLog   : Using Prepared: 144.31.104.124
07-17 00:18:40.894  5841 31914 I GoLog   : Using Prepared: 144.31.104.124
07-17 00:18:40.894  5841 31957 I GoLog   : Using Prepared: 144.31.104.124
07-17 00:18:40.897  5841 31944 I GoLog   : Using Prepared: 144.31.104.124
07-17 00:18:40.898  5841 31905 I GoLog   : Using Prepared: 144.31.104.124
07-17 00:18:40.902  5841 31947 I GoLog   : Using Prepared: 144.31.104.124
07-17 00:18:40.904  5841 31933 I GoLog   : Using Prepared: 144.31.104.124
07-17 00:18:40.905  5841 31951 I GoLog   : Using Prepared: 144.31.104.124
07-17 00:18:40.905  5841 31945 I GoLog   : Using Prepared: 144.31.104.124
07-17 00:18:40.906  5841 31966 I GoLog   : Using Prepared: 144.31.104.124
07-17 00:18:40.906  5841 15264 I GoLog   : Using Prepared: 144.31.104.124
07-17 00:18:40.907  5841 31959 I GoLog   : Using Prepared: 144.31.104.124
07-17 00:18:40.908  5841 31947 I GoLog   : Using Prepared: 144.31.104.124
07-17 00:18:40.909  5841 31961 I GoLog   : Using Prepared: 144.31.104.124
07-17 00:18:40.910  5841 31942 I GoLog   : Using Prepared: 144.31.104.124
07-17 00:18:40.910  5841 30110 I GoLog   : Using Prepared: 144.31.104.124
07-17 00:18:40.910  5841 30105 I GoLog   : Using Prepared: 144.31.104.124
07-17 00:18:40.911  5841 15280 I GoLog   : Using Prepared: 144.31.104.124
07-17 00:18:40.911  5841 30111 I GoLog   : Using Prepared: 144.31.104.124
07-17 00:18:40.923  5841 31958 I GoLog   : Using Prepared: 144.31.104.124
07-17 00:18:40.923  5841 30106 I GoLog   : Using Prepared: 144.31.104.124
07-17 00:18:40.925  5841 30077 I GoLog   : Using Prepared: 144.31.104.124
07-17 00:18:40.925  5841 31963 I GoLog   : Using Prepared: 144.31.104.124
07-17 00:18:40.926  5841 31934 I GoLog   : Using Prepared: 144.31.104.124
07-17 00:18:40.929  5841 30104 I GoLog   : Using Prepared: 144.31.104.124
07-17 00:18:40.930  5841 30109 I GoLog   : Using Prepared: 144.31.104.124
07-17 00:18:40.934  5841 31941 I GoLog   : Using Prepared: 144.31.104.124
07-17 00:18:40.934  5841 30106 I GoLog   : Using Prepared: 144.31.104.124
07-17 00:18:40.934  5841 30107 I GoLog   : Using Prepared: 144.31.104.124
07-17 00:18:40.936  5841 30077 I GoLog   : from tcp:127.0.0.1:57080 accepted tcp:64.233.166.188:5228 [socks -> proxy]
07-17 00:18:40.940  5841 23910 I GoLog   : Using Prepared: 144.31.104.124
07-17 00:18:40.940  5841 31913 I GoLog   : Using Prepared: 144.31.104.124
